[run] strict mode: connect pod must have WEFT_DISTRIBUTED_STRICT=1 (values-sf100.yaml sets connect.distributedStrict); fallback is a hard failure
[preflight] SKIPPED (--skip-worker-preflight)
[run] endpoint=sc://18.236.223.115:50051 suite=tpcds sf=10.0 catalog=glue glue_db=tpcds_sf10 queries=99 resume_skip=0
/private/tmp/weft-smoke-venv/lib/python3.14/site-packages/pyspark/sql/connect/utils.py:41: FutureWarning: PySpark does not yet fully support pandas >= 3.0.0. Some features may not work correctly. It is recommended to use pandas < 3.0.0 for now.
  require_minimum_pandas_version()
/private/tmp/weft-smoke-venv/lib/python3.14/site-packages/pyspark/testing/utils.py:127: FutureWarning: PySpark does not yet fully support pandas >= 3.0.0. Some features may not work correctly. It is recommended to use pandas < 3.0.0 for now.
  require_minimum_pandas_version()
Q1    FAIL try1 (15.8316s): SparkConnectGrpcException: <_MultiThreadedRendezvous of RPC that terminated with:
	status = StatusCode.UNIMPLEMENTED
	details = "unsupported: auto-distribute: refusing whole-fact gather of sharded table `store_returns` in strict mode (WEFT_DISTRIBUTED_STRICT=1): it would centralize the entire fact on one shuffle partition (KAN-29) and no distributed semi/anti or decorrelated shape matched this query"
	debug_error_string = "UNIMPLEMENTED:unsupported: auto-distribute: refusing whole-fact gather of sharded table `store_returns` in strict mode (WEFT_DISTRIBUTED_STRICT=1): it would centralize the entire fact on one shuffle partition (KAN-29) and no distributed semi/anti or decorrelated shape matched this query"
>
Q2    try1 19.4447s rows=2513 checksum=103df2fec7a2…
Q2    HOT  19.4447s
Q3    try1 13.7533s rows=100 checksum=a4e9709ff0c2…
Q3    HOT  13.7533s
Q4    FAIL try1 (18.5319s): SparkConnectGrpcException: <_MultiThreadedRendezvous of RPC that terminated with:
	status = StatusCode.UNIMPLEMENTED
	details = "unsupported: auto-distribute: refusing whole-fact gather of sharded table `store_sales` in strict mode (WEFT_DISTRIBUTED_STRICT=1): it would centralize the entire fact on one shuffle partition (KAN-29) and no distributed semi/anti or decorrelated shape matched this query"
	debug_error_string = "UNIMPLEMENTED:unsupported: auto-distribute: refusing whole-fact gather of sharded table `store_sales` in strict mode (WEFT_DISTRIBUTED_STRICT=1): it would centralize the entire fact on one shuffle partition (KAN-29) and no distributed semi/anti or decorrelated shape matched this query"
>
Q5    FAIL try1 (40.4625s): SparkConnectGrpcException: <_MultiThreadedRendezvous of RPC that terminated with:
	status = StatusCode.UNIMPLEMENTED
	details = "unsupported: auto-distribute: UNION ALL arm does not scan sharded table `store_sales` — broadcasting it would repeat that arm's rows on every worker"
	debug_error_string = "UNIMPLEMENTED:unsupported: auto-distribute: UNION ALL arm does not scan sharded table `store_sales` — broadcasting it would repeat that arm's rows on every worker"
>
Q6    try1 22.4579s rows=51 checksum=357e932d3d1b…
Q6    HOT  22.4579s
Q7    try1 27.9985s rows=100 checksum=8c97e39a6020…
Q7    HOT  27.9985s
Q8    try1 21.1802s rows=9 checksum=7afd86a2f729…
Q8    HOT  21.1802s
Q9    FAIL try1 (4.6715s): SparkConnectGrpcException: <_MultiThreadedRendezvous of RPC that terminated with:
	status = StatusCode.UNIMPLEMENTED
	details = "unsupported: auto-distribute: subquery over `store_sales` is only safe when that table is replicated"
	debug_error_string = "UNIMPLEMENTED:unsupported: auto-distribute: subquery over `store_sales` is only safe when that table is replicated"
>
Q10   FAIL try1 (11.0455s): SparkConnectGrpcException: <_MultiThreadedRendezvous of RPC that terminated with:
	status = StatusCode.UNIMPLEMENTED
	details = "unsupported: auto-distribute: subquery over `store_sales` is only safe when that table is replicated"
	debug_error_string = "UNIMPLEMENTED:unsupported: auto-distribute: subquery over `store_sales` is only safe when that table is replicated"
>
Q11   FAIL try1 (600.0334s): TimeoutError: query exceeded 600s (possible server-side wedge/deadlock)
Q12   try1 282.8285s rows=100 checksum=133da748afcd…
Q12   HOT  282.8285s
Q13   try1 30.6887s rows=1 checksum=d14a6269ccf8…
Q13   HOT  30.6887s
Q14   FAIL try1 (18.0634s): SparkConnectGrpcException: <_MultiThreadedRendezvous of RPC that terminated with:
	status = StatusCode.UNIMPLEMENTED
	details = "unsupported: auto-distribute: subquery over `store_sales` is only safe when that table is replicated"
	debug_error_string = "UNIMPLEMENTED:unsupported: auto-distribute: subquery over `store_sales` is only safe when that table is replicated"
>
Q15   try1 17.0773s rows=100 checksum=b4d28d9b9777…
Q15   HOT  17.0773s
Q16   FAIL try1 (15.9349s): SparkConnectGrpcException: <_MultiThreadedRendezvous of RPC that terminated with:
	status = StatusCode.UNIMPLEMENTED
	details = "unsupported: auto-distribute: subquery over `catalog_sales` is only safe when that table is replicated"
	debug_error_string = "UNIMPLEMENTED:unsupported: auto-distribute: subquery over `catalog_sales` is only safe when that table is replicated"
>
Q17   FAIL try1 (29.0128s): AssertionError: 
Traceback (most recent call last):
  File "/Users/vamsi/orca/workspaces/weft/kaicoder03-Lets-get-started-on-remanining-work-of-KAN-2-from-KAN-8-and-to-the-end-to-close-the-epic-2/bench/sf100/run-spark-connect.py", line 401, in main
    rows = _collect_with_timeout(df, args.query_timeout)
  File "/Users/vamsi/orca/workspaces/weft/kaicoder03-Lets-get-started-on-remanining-work-of-KAN-2-from-KAN-8-and-to-the-end-to-close-the-epic-2/bench/sf100/run-spark-connect.py", line 248, in _collect_with_timeout
    return _COLLECT_EXEC.submit(df.collect).result(timeout=timeout)
           ~~~~~~~~~~~~~~~~~~~~~~~~~~~~~~~~~~~~~~~^^^^^^^^^^^^^^^^^
  File "/opt/homebrew/Cellar/python@3.14/3.14.3_1/Frameworks/Python.framework/Versions/3.14/lib/python3.14/concurrent/futures/_base.py", line 450, in result
    return self.__get_result()
           ~~~~~~~~~~~~~~~~~^^
  File "/opt/homebrew/Cellar/python@3.14/3.14.3_1/Frameworks/Python.framework/Versions/3.14/lib/python3.14/concurrent/futures/_base.py", line 395, in __get_result
    raise self._exception
  File "/opt/homebrew/Cellar/python@3.14/3.14.3_1/Frameworks/Python.framework/Versions/3.14/lib/python3.14/concurrent/futures/thread.py", line 86, in run
    result = ctx.run(self.task)
  File "/opt/homebrew/Cellar/python@3.14/3.14.3_1/Frameworks/Python.framework/Versions/3.14/lib/python3.14/concurrent/futures/thread.py", line 73, in run
    return fn(*args, **kwargs)
  File "/private/tmp/weft-smoke-venv/lib/python3.14/site-packages/pyspark/sql/connect/dataframe.py", line 1954, in collect
    table, schema = self._to_table()
                    ~~~~~~~~~~~~~~^^
  File "/private/tmp/weft-smoke-venv/lib/python3.14/site-packages/pyspark/sql/connect/dataframe.py", line 1974, in _to_table
    table, schema, self._execution_info = self._session.client.to_table(
                                          ~~~~~~~~~~~~~~~~~~~~~~~~~~~~~^
        query, self._plan.observations
        ^^^^^^^^^^^^^^^^^^^^^^^^^^^^^^
    )
    ^
  File "/private/tmp/weft-smoke-venv/lib/python3.14/site-packages/pyspark/sql/connect/client/core.py", line 1042, in to_table
    assert table is not None
           ^^^^^^^^^^^^^^^^^
AssertionError

Q18   try1 26.6885s rows=100 checksum=3afb37046515…
Q18   HOT  26.6885s
Q19   try1 24.6979s rows=100 checksum=c586851a599e…
Q19   HOT  24.6979s
Q20   try1 12.9350s rows=100 checksum=b92809bfe09f…
Q20   HOT  12.9350s
Q21   try1 26.9934s rows=100 checksum=d9daec5f7a73…
Q21   HOT  26.9934s
Q22   try1 14.8255s rows=100 checksum=170883a5eca8…
Q22   HOT  14.8255s
Q23   FAIL try1 (21.7209s): SparkConnectGrpcException: <_MultiThreadedRendezvous of RPC that terminated with:
	status = StatusCode.UNIMPLEMENTED
	details = "unsupported: auto-distribute: refusing whole-fact gather of sharded table `store_sales` in strict mode (WEFT_DISTRIBUTED_STRICT=1): it would centralize the entire fact on one shuffle partition (KAN-29) and no distributed semi/anti or decorrelated shape matched this query"
	debug_error_string = "UNIMPLEMENTED:unsupported: auto-distribute: refusing whole-fact gather of sharded table `store_sales` in strict mode (WEFT_DISTRIBUTED_STRICT=1): it would centralize the entire fact on one shuffle partition (KAN-29) and no distributed semi/anti or decorrelated shape matched this query"
>
Q24   FAIL try1 (21.8819s): SparkConnectGrpcException: <_MultiThreadedRendezvous of RPC that terminated with:
	status = StatusCode.UNIMPLEMENTED
	details = "unsupported: auto-distribute: refusing whole-fact gather of sharded table `store_sales` in strict mode (WEFT_DISTRIBUTED_STRICT=1): it would centralize the entire fact on one shuffle partition (KAN-29) and no distributed semi/anti or decorrelated shape matched this query"
	debug_error_string = "UNIMPLEMENTED:unsupported: auto-distribute: refusing whole-fact gather of sharded table `store_sales` in strict mode (WEFT_DISTRIBUTED_STRICT=1): it would centralize the entire fact on one shuffle partition (KAN-29) and no distributed semi/anti or decorrelated shape matched this query"
>
Q25   try1 27.9896s rows=2 checksum=34bb675d60dd…
Q25   HOT  27.9896s
Q26   try1 22.6272s rows=100 checksum=3275b6cd17c5…
Q26   HOT  22.6272s
Q27   FAIL try1 (18.3935s): SparkConnectGrpcException: <_MultiThreadedRendezvous of RPC that terminated with:
	status = StatusCode.UNIMPLEMENTED
	details = "unsupported: auto-distribute: refusing whole-fact gather of sharded table `store_sales` in strict mode (WEFT_DISTRIBUTED_STRICT=1): it would centralize the entire fact on one shuffle partition (KAN-29) and no distributed semi/anti or decorrelated shape matched this query"
	debug_error_string = "UNIMPLEMENTED:unsupported: auto-distribute: refusing whole-fact gather of sharded table `store_sales` in strict mode (WEFT_DISTRIBUTED_STRICT=1): it would centralize the entire fact on one shuffle partition (KAN-29) and no distributed semi/anti or decorrelated shape matched this query"
>
Q28   FAIL try1 (3.8932s): SparkConnectGrpcException: <_MultiThreadedRendezvous of RPC that terminated with:
	status = StatusCode.UNIMPLEMENTED
	details = "unsupported: auto-distribute: refusing whole-fact gather of sharded table `store_sales` in strict mode (WEFT_DISTRIBUTED_STRICT=1): it would centralize the entire fact on one shuffle partition (KAN-29) and no distributed semi/anti or decorrelated shape matched this query"
	debug_error_string = "UNIMPLEMENTED:unsupported: auto-distribute: refusing whole-fact gather of sharded table `store_sales` in strict mode (WEFT_DISTRIBUTED_STRICT=1): it would centralize the entire fact on one shuffle partition (KAN-29) and no distributed semi/anti or decorrelated shape matched this query"
>
Q29   try1 27.6739s rows=8 checksum=93830acf6010…
Q29   HOT  27.6739s
Q30   FAIL try1 (14.6717s): SparkConnectGrpcException: <_MultiThreadedRendezvous of RPC that terminated with:
	status = StatusCode.UNIMPLEMENTED
	details = "unsupported: auto-distribute: refusing whole-fact gather of sharded table `web_returns` in strict mode (WEFT_DISTRIBUTED_STRICT=1): it would centralize the entire fact on one shuffle partition (KAN-29) and no distributed semi/anti or decorrelated shape matched this query"
	debug_error_string = "UNIMPLEMENTED:unsupported: auto-distribute: refusing whole-fact gather of sharded table `web_returns` in strict mode (WEFT_DISTRIBUTED_STRICT=1): it would centralize the entire fact on one shuffle partition (KAN-29) and no distributed semi/anti or decorrelated shape matched this query"
>
Q31   try1 50.8007s rows=307 checksum=2267d57010af…
Q31   HOT  50.8007s
Q32   try1 13.2600s rows=1 checksum=4cd94a7b8814…
Q32   HOT  13.2600s
Q33   FAIL try1 (21.8890s): SparkConnectGrpcException: <_MultiThreadedRendezvous of RPC that terminated with:
	status = StatusCode.UNIMPLEMENTED
	details = "unsupported: auto-distribute: refusing whole-fact gather of sharded table `store_sales` in strict mode (WEFT_DISTRIBUTED_STRICT=1): it would centralize the entire fact on one shuffle partition (KAN-29) and no distributed semi/anti or decorrelated shape matched this query"
	debug_error_string = "UNIMPLEMENTED:unsupported: auto-distribute: refusing whole-fact gather of sharded table `store_sales` in strict mode (WEFT_DISTRIBUTED_STRICT=1): it would centralize the entire fact on one shuffle partition (KAN-29) and no distributed semi/anti or decorrelated shape matched this query"
>
Q34   try1 21.9287s rows=1560 checksum=8ea031658780…
Q34   HOT  21.9287s
Q35   FAIL try1 (10.7193s): SparkConnectGrpcException: <_MultiThreadedRendezvous of RPC that terminated with:
	status = StatusCode.UNIMPLEMENTED
	details = "unsupported: auto-distribute: subquery over `store_sales` is only safe when that table is replicated"
	debug_error_string = "UNIMPLEMENTED:unsupported: auto-distribute: subquery over `store_sales` is only safe when that table is replicated"
>
Q36   FAIL try1 (14.6926s): SparkConnectGrpcException: <_MultiThreadedRendezvous of RPC that terminated with:
	status = StatusCode.UNIMPLEMENTED
	details = "unsupported: auto-distribute: refusing whole-fact gather of sharded table `store_sales` in strict mode (WEFT_DISTRIBUTED_STRICT=1): it would centralize the entire fact on one shuffle partition (KAN-29) and no distributed semi/anti or decorrelated shape matched this query"
	debug_error_string = "UNIMPLEMENTED:unsupported: auto-distribute: refusing whole-fact gather of sharded table `store_sales` in strict mode (WEFT_DISTRIBUTED_STRICT=1): it would centralize the entire fact on one shuffle partition (KAN-29) and no distributed semi/anti or decorrelated shape matched this query"
>
Q37   try1 28.6852s rows=2 checksum=bf6bb0a172a3…
Q37   HOT  28.6852s
Q38   FAIL try1 (18.0872s): SparkConnectGrpcException: <_MultiThreadedRendezvous of RPC that terminated with:
	status = StatusCode.UNIMPLEMENTED
	details = "unsupported: auto-distribute: refusing whole-fact gather of sharded table `store_sales` in strict mode (WEFT_DISTRIBUTED_STRICT=1): it would centralize the entire fact on one shuffle partition (KAN-29) and no distributed semi/anti or decorrelated shape matched this query"
	debug_error_string = "UNIMPLEMENTED:unsupported: auto-distribute: refusing whole-fact gather of sharded table `store_sales` in strict mode (WEFT_DISTRIBUTED_STRICT=1): it would centralize the entire fact on one shuffle partition (KAN-29) and no distributed semi/anti or decorrelated shape matched this query"
>
Q39   FAIL try1 (14.8198s): SparkConnectGrpcException: <_MultiThreadedRendezvous of RPC that terminated with:
	status = StatusCode.UNIMPLEMENTED
	details = "unsupported: auto-distribute: refusing whole-fact gather of sharded table `inventory` in strict mode (WEFT_DISTRIBUTED_STRICT=1): it would centralize the entire fact on one shuffle partition (KAN-29) and no distributed semi/anti or decorrelated shape matched this query"
	debug_error_string = "UNIMPLEMENTED:unsupported: auto-distribute: refusing whole-fact gather of sharded table `inventory` in strict mode (WEFT_DISTRIBUTED_STRICT=1): it would centralize the entire fact on one shuffle partition (KAN-29) and no distributed semi/anti or decorrelated shape matched this query"
>
Q40   try1 20.9822s rows=100 checksum=fd9a674a8149…
Q40   HOT  20.9822s
Q41   FAIL try1 (3.8887s): SparkConnectGrpcException: <_MultiThreadedRendezvous of RPC that terminated with:
	status = StatusCode.UNIMPLEMENTED
	details = "unsupported: auto-distribute: refusing whole-fact gather of sharded table `item` in strict mode (WEFT_DISTRIBUTED_STRICT=1): it would centralize the entire fact on one shuffle partition (KAN-29) and no distributed semi/anti or decorrelated shape matched this query"
	debug_error_string = "UNIMPLEMENTED:unsupported: auto-distribute: refusing whole-fact gather of sharded table `item` in strict mode (WEFT_DISTRIBUTED_STRICT=1): it would centralize the entire fact on one shuffle partition (KAN-29) and no distributed semi/anti or decorrelated shape matched this query"
>
Q42   try1 13.1957s rows=11 checksum=f4b9061304f6…
Q42   HOT  13.1957s
Q43   try1 12.6541s rows=18 checksum=88de50b29c32…
Q43   HOT  12.6541s
Q44   FAIL try1 (7.5257s): SparkConnectGrpcException: <_MultiThreadedRendezvous of RPC that terminated with:
	status = StatusCode.UNIMPLEMENTED
	details = "unsupported: auto-distribute: refusing whole-fact gather of sharded table `store_sales` in strict mode (WEFT_DISTRIBUTED_STRICT=1): it would centralize the entire fact on one shuffle partition (KAN-29) and no distributed semi/anti or decorrelated shape matched this query"
	debug_error_string = "UNIMPLEMENTED:unsupported: auto-distribute: refusing whole-fact gather of sharded table `store_sales` in strict mode (WEFT_DISTRIBUTED_STRICT=1): it would centralize the entire fact on one shuffle partition (KAN-29) and no distributed semi/anti or decorrelated shape matched this query"
>
Q45   try1 19.2829s rows=49 checksum=f2475e4e5770…
Q45   HOT  19.2829s
Q46   try1 29.4810s rows=100 checksum=bf326bf81a84…
Q46   HOT  29.4810s
Q47   FAIL try1 (14.9816s): SparkConnectGrpcException: <_MultiThreadedRendezvous of RPC that terminated with:
	status = StatusCode.UNIMPLEMENTED
	details = "unsupported: auto-distribute: refusing whole-fact gather of sharded table `store_sales` in strict mode (WEFT_DISTRIBUTED_STRICT=1): it would centralize the entire fact on one shuffle partition (KAN-29) and no distributed semi/anti or decorrelated shape matched this query"
	debug_error_string = "UNIMPLEMENTED:unsupported: auto-distribute: refusing whole-fact gather of sharded table `store_sales` in strict mode (WEFT_DISTRIBUTED_STRICT=1): it would centralize the entire fact on one shuffle partition (KAN-29) and no distributed semi/anti or decorrelated shape matched this query"
>
Q48   try1 23.4130s rows=1 checksum=5d8941b53929…
Q48   HOT  23.4130s
Q49   FAIL try1 (25.5636s): SparkConnectGrpcException: <_MultiThreadedRendezvous of RPC that terminated with:
	status = StatusCode.UNIMPLEMENTED
	details = "unsupported: auto-distribute: refusing whole-fact gather of sharded table `store_sales` in strict mode (WEFT_DISTRIBUTED_STRICT=1): it would centralize the entire fact on one shuffle partition (KAN-29) and no distributed semi/anti or decorrelated shape matched this query"
	debug_error_string = "UNIMPLEMENTED:unsupported: auto-distribute: refusing whole-fact gather of sharded table `store_sales` in strict mode (WEFT_DISTRIBUTED_STRICT=1): it would centralize the entire fact on one shuffle partition (KAN-29) and no distributed semi/anti or decorrelated shape matched this query"
>
Q50   try1 17.7087s rows=51 checksum=0840a4471ca2…
Q50   HOT  17.7087s
Q51   FAIL try1 (10.9565s): SparkConnectGrpcException: <_MultiThreadedRendezvous of RPC that terminated with:
	status = StatusCode.UNIMPLEMENTED
	details = "unsupported: auto-distribute: refusing whole-fact gather of sharded table `store_sales` in strict mode (WEFT_DISTRIBUTED_STRICT=1): it would centralize the entire fact on one shuffle partition (KAN-29) and no distributed semi/anti or decorrelated shape matched this query"
	debug_error_string = "UNIMPLEMENTED:unsupported: auto-distribute: refusing whole-fact gather of sharded table `store_sales` in strict mode (WEFT_DISTRIBUTED_STRICT=1): it would centralize the entire fact on one shuffle partition (KAN-29) and no distributed semi/anti or decorrelated shape matched this query"
>
Q52   try1 13.1477s rows=100 checksum=71faf67bee8c…
Q52   HOT  13.1477s
Q53   try1 17.2122s rows=100 checksum=b5117893d749…
Q53   HOT  17.2122s
Q54   try1 35.0474s rows=1 checksum=01d8a946b3e1…
Q54   HOT  35.0474s
Q55   try1 12.8916s rows=100 checksum=a71e9a584f76…
Q55   HOT  12.8916s
Q56   FAIL try1 (22.1929s): SparkConnectGrpcException: <_MultiThreadedRendezvous of RPC that terminated with:
	status = StatusCode.UNIMPLEMENTED
	details = "unsupported: auto-distribute: refusing whole-fact gather of sharded table `store_sales` in strict mode (WEFT_DISTRIBUTED_STRICT=1): it would centralize the entire fact on one shuffle partition (KAN-29) and no distributed semi/anti or decorrelated shape matched this query"
	debug_error_string = "UNIMPLEMENTED:unsupported: auto-distribute: refusing whole-fact gather of sharded table `store_sales` in strict mode (WEFT_DISTRIBUTED_STRICT=1): it would centralize the entire fact on one shuffle partition (KAN-29) and no distributed semi/anti or decorrelated shape matched this query"
>
Q57   FAIL try1 (14.4948s): SparkConnectGrpcException: <_MultiThreadedRendezvous of RPC that terminated with:
	status = StatusCode.UNIMPLEMENTED
	details = "unsupported: auto-distribute: refusing whole-fact gather of sharded table `catalog_sales` in strict mode (WEFT_DISTRIBUTED_STRICT=1): it would centralize the entire fact on one shuffle partition (KAN-29) and no distributed semi/anti or decorrelated shape matched this query"
	debug_error_string = "UNIMPLEMENTED:unsupported: auto-distribute: refusing whole-fact gather of sharded table `catalog_sales` in strict mode (WEFT_DISTRIBUTED_STRICT=1): it would centralize the entire fact on one shuffle partition (KAN-29) and no distributed semi/anti or decorrelated shape matched this query"
>
Q58   try1 57.1818s rows=31 checksum=e25f18eef98f…
Q58   HOT  57.1818s
Q59   try1 18.3661s rows=100 checksum=3c890a72d48f…
Q59   HOT  18.3661s
Q60   FAIL try1 (22.2549s): SparkConnectGrpcException: <_MultiThreadedRendezvous of RPC that terminated with:
	status = StatusCode.UNIMPLEMENTED
	details = "unsupported: auto-distribute: refusing whole-fact gather of sharded table `store_sales` in strict mode (WEFT_DISTRIBUTED_STRICT=1): it would centralize the entire fact on one shuffle partition (KAN-29) and no distributed semi/anti or decorrelated shape matched this query"
	debug_error_string = "UNIMPLEMENTED:unsupported: auto-distribute: refusing whole-fact gather of sharded table `store_sales` in strict mode (WEFT_DISTRIBUTED_STRICT=1): it would centralize the entire fact on one shuffle partition (KAN-29) and no distributed semi/anti or decorrelated shape matched this query"
>
Q61   try1 32.5673s rows=1 checksum=1593d986acba…
Q61   HOT  32.5673s
Q62   try1 21.5106s rows=100 checksum=a60f2e751fef…
Q62   HOT  21.5106s
Q63   try1 16.9970s rows=100 checksum=2af8d59766e2…
Q63   HOT  16.9970s
Q64   try1 66.0409s rows=28 checksum=5953e16ea72f…
Q64   HOT  66.0409s
Q65   try1 21.5305s rows=100 checksum=9626f17278e7…
Q65   HOT  21.5305s
Q66   try1 28.6643s rows=10 checksum=fc2dc0b98b51…
Q66   HOT  28.6643s
Q67   FAIL try1 (14.6696s): SparkConnectGrpcException: <_MultiThreadedRendezvous of RPC that terminated with:
	status = StatusCode.UNIMPLEMENTED
	details = "unsupported: auto-distribute: refusing whole-fact gather of sharded table `store_sales` in strict mode (WEFT_DISTRIBUTED_STRICT=1): it would centralize the entire fact on one shuffle partition (KAN-29) and no distributed semi/anti or decorrelated shape matched this query"
	debug_error_string = "UNIMPLEMENTED:unsupported: auto-distribute: refusing whole-fact gather of sharded table `store_sales` in strict mode (WEFT_DISTRIBUTED_STRICT=1): it would centralize the entire fact on one shuffle partition (KAN-29) and no distributed semi/anti or decorrelated shape matched this query"
>
Q68   try1 28.0249s rows=100 checksum=2d47b8c4daed…
Q68   HOT  28.0249s
Q69   FAIL try1 (11.1833s): SparkConnectGrpcException: <_MultiThreadedRendezvous of RPC that terminated with:
	status = StatusCode.UNIMPLEMENTED
	details = "unsupported: auto-distribute: subquery over `store_sales` is only safe when that table is replicated"
	debug_error_string = "UNIMPLEMENTED:unsupported: auto-distribute: subquery over `store_sales` is only safe when that table is replicated"
>
Q70   FAIL try1 (10.9993s): SparkConnectGrpcException: <_MultiThreadedRendezvous of RPC that terminated with:
	status = StatusCode.UNIMPLEMENTED
	details = "unsupported: auto-distribute: refusing whole-fact gather of sharded table `store_sales` in strict mode (WEFT_DISTRIBUTED_STRICT=1): it would centralize the entire fact on one shuffle partition (KAN-29) and no distributed semi/anti or decorrelated shape matched this query"
	debug_error_string = "UNIMPLEMENTED:unsupported: auto-distribute: refusing whole-fact gather of sharded table `store_sales` in strict mode (WEFT_DISTRIBUTED_STRICT=1): it would centralize the entire fact on one shuffle partition (KAN-29) and no distributed semi/anti or decorrelated shape matched this query"
>
Q71   try1 27.0315s rows=9655 checksum=84f8f4b98538…
Q71   HOT  27.0315s
Q72   FAIL try1 (600.0363s): TimeoutError: query exceeded 600s (possible server-side wedge/deadlock)
Q73   try1 23.3420s rows=17 checksum=58dd53e7fc2a…
Q73   HOT  23.3420s
Q74   try1 77.6018s rows=100 checksum=19f2a8d63f1b…
Q74   HOT  77.6018s
Q75   FAIL try1 (29.0852s): SparkConnectGrpcException: <_MultiThreadedRendezvous of RPC that terminated with:
	status = StatusCode.UNIMPLEMENTED
	details = "unsupported: auto-distribute: refusing whole-fact gather of sharded table `store_sales` in strict mode (WEFT_DISTRIBUTED_STRICT=1): it would centralize the entire fact on one shuffle partition (KAN-29) and no distributed semi/anti or decorrelated shape matched this query"
	debug_error_string = "UNIMPLEMENTED:unsupported: auto-distribute: refusing whole-fact gather of sharded table `store_sales` in strict mode (WEFT_DISTRIBUTED_STRICT=1): it would centralize the entire fact on one shuffle partition (KAN-29) and no distributed semi/anti or decorrelated shape matched this query"
>
Q76   FAIL try1 (18.6891s): SparkConnectGrpcException: <_MultiThreadedRendezvous of RPC that terminated with:
	status = StatusCode.UNIMPLEMENTED
	details = "unsupported: auto-distribute: refusing whole-fact gather of sharded table `store_sales` in strict mode (WEFT_DISTRIBUTED_STRICT=1): it would centralize the entire fact on one shuffle partition (KAN-29) and no distributed semi/anti or decorrelated shape matched this query"
	debug_error_string = "UNIMPLEMENTED:unsupported: auto-distribute: refusing whole-fact gather of sharded table `store_sales` in strict mode (WEFT_DISTRIBUTED_STRICT=1): it would centralize the entire fact on one shuffle partition (KAN-29) and no distributed semi/anti or decorrelated shape matched this query"
>
Q77   FAIL try1 (33.6390s): SparkConnectGrpcException: <_MultiThreadedRendezvous of RPC that terminated with:
	status = StatusCode.UNIMPLEMENTED
	details = "unsupported: auto-distribute: UNION ALL arm does not scan sharded table `store_sales` — broadcasting it would repeat that arm's rows on every worker"
	debug_error_string = "UNIMPLEMENTED:unsupported: auto-distribute: UNION ALL arm does not scan sharded table `store_sales` — broadcasting it would repeat that arm's rows on every worker"
>
Q78   try1 72.5169s rows=100 checksum=0d53ebe7e0a5…
Q78   HOT  72.5169s
Q79   try1 22.5846s rows=100 checksum=cafbfd4a254f…
Q79   HOT  22.5846s
Q80   FAIL try1 (44.0047s): SparkConnectGrpcException: <_MultiThreadedRendezvous of RPC that terminated with:
	status = StatusCode.UNIMPLEMENTED
	details = "unsupported: auto-distribute: UNION ALL arm does not scan sharded table `store_sales` — broadcasting it would repeat that arm's rows on every worker"
	debug_error_string = "UNIMPLEMENTED:unsupported: auto-distribute: UNION ALL arm does not scan sharded table `store_sales` — broadcasting it would repeat that arm's rows on every worker"
>
Q81   FAIL try1 (14.6140s): SparkConnectGrpcException: <_MultiThreadedRendezvous of RPC that terminated with:
	status = StatusCode.UNIMPLEMENTED
	details = "unsupported: auto-distribute: refusing whole-fact gather of sharded table `catalog_returns` in strict mode (WEFT_DISTRIBUTED_STRICT=1): it would centralize the entire fact on one shuffle partition (KAN-29) and no distributed semi/anti or decorrelated shape matched this query"
	debug_error_string = "UNIMPLEMENTED:unsupported: auto-distribute: refusing whole-fact gather of sharded table `catalog_returns` in strict mode (WEFT_DISTRIBUTED_STRICT=1): it would centralize the entire fact on one shuffle partition (KAN-29) and no distributed semi/anti or decorrelated shape matched this query"
>
Q82   try1 29.3131s rows=6 checksum=a159f1da855b…
Q82   HOT  29.3131s
Q83   try1 30.9593s rows=100 checksum=5ec1644a61d9…
Q83   HOT  30.9593s
Q84   try1 23.3813s rows=100 checksum=a51b4618231e…
Q84   HOT  23.3813s
Q85   try1 30.5862s rows=15 checksum=ffffd9528573…
Q85   HOT  30.5862s
Q86   FAIL try1 (10.8912s): SparkConnectGrpcException: <_MultiThreadedRendezvous of RPC that terminated with:
	status = StatusCode.UNIMPLEMENTED
	details = "unsupported: auto-distribute: refusing whole-fact gather of sharded table `web_sales` in strict mode (WEFT_DISTRIBUTED_STRICT=1): it would centralize the entire fact on one shuffle partition (KAN-29) and no distributed semi/anti or decorrelated shape matched this query"
	debug_error_string = "UNIMPLEMENTED:unsupported: auto-distribute: refusing whole-fact gather of sharded table `web_sales` in strict mode (WEFT_DISTRIBUTED_STRICT=1): it would centralize the entire fact on one shuffle partition (KAN-29) and no distributed semi/anti or decorrelated shape matched this query"
>
Q87   FAIL try1 (18.5285s): SparkConnectGrpcException: <_MultiThreadedRendezvous of RPC that terminated with:
	status = StatusCode.UNIMPLEMENTED
	details = "unsupported: auto-distribute: refusing whole-fact gather of sharded table `store_sales` in strict mode (WEFT_DISTRIBUTED_STRICT=1): it would centralize the entire fact on one shuffle partition (KAN-29) and no distributed semi/anti or decorrelated shape matched this query"
	debug_error_string = "UNIMPLEMENTED:unsupported: auto-distribute: refusing whole-fact gather of sharded table `store_sales` in strict mode (WEFT_DISTRIBUTED_STRICT=1): it would centralize the entire fact on one shuffle partition (KAN-29) and no distributed semi/anti or decorrelated shape matched this query"
>
Q88   try1 28.6027s rows=1 checksum=09ca62efccf5…
Q88   HOT  28.6027s
Q89   try1 16.1782s rows=100 checksum=9606d497ab8d…
Q89   HOT  16.1782s
Q90   try1 16.4826s rows=1 checksum=6a528717855b…
Q90   HOT  16.4826s
Q91   try1 29.3726s rows=12 checksum=5aac2759118b…
Q91   HOT  29.3726s
Q92   try1 12.1945s rows=1 checksum=69afd9862c88…
Q92   HOT  12.1945s
Q93   FAIL try1 (600.0487s): TimeoutError: query exceeded 600s (possible server-side wedge/deadlock)
Q94   FAIL try1 (14.7818s): SparkConnectGrpcException: <_MultiThreadedRendezvous of RPC that terminated with:
	status = StatusCode.UNIMPLEMENTED
	details = "unsupported: auto-distribute: subquery over `web_sales` is only safe when that table is replicated"
	debug_error_string = "UNIMPLEMENTED:unsupported: auto-distribute: subquery over `web_sales` is only safe when that table is replicated"
>
Q95   FAIL try1 (14.7652s): SparkConnectGrpcException: <_MultiThreadedRendezvous of RPC that terminated with:
	status = StatusCode.UNIMPLEMENTED
	details = "unsupported: auto-distribute: subquery over `web_sales` is only safe when that table is replicated"
	debug_error_string = "UNIMPLEMENTED:unsupported: auto-distribute: subquery over `web_sales` is only safe when that table is replicated"
>
Q96   try1 17.8537s rows=1 checksum=e493b43a0946…
Q96   HOT  17.8537s
Q97   FAIL try1 (10.8326s): SparkConnectGrpcException: <_MultiThreadedRendezvous of RPC that terminated with:
	status = StatusCode.UNIMPLEMENTED
	details = "unsupported: auto-distribute: refusing whole-fact gather of sharded table `store_sales` in strict mode (WEFT_DISTRIBUTED_STRICT=1): it would centralize the entire fact on one shuffle partition (KAN-29) and no distributed semi/anti or decorrelated shape matched this query"
	debug_error_string = "UNIMPLEMENTED:unsupported: auto-distribute: refusing whole-fact gather of sharded table `store_sales` in strict mode (WEFT_DISTRIBUTED_STRICT=1): it would centralize the entire fact on one shuffle partition (KAN-29) and no distributed semi/anti or decorrelated shape matched this query"
>
Q98   try1 14.4403s rows=15076 checksum=ebfc679215bf…
Q98   HOT  14.4403s
Q99   try1 20.6848s rows=100 checksum=25681ee554e0…
Q99   HOT  20.6848s
[run] wrote bench/sf100/results/remeasure-sf10-final2/tpcds-sf10.jsonl  ok=57 failed=42 skipped=0
