[run] strict mode: connect pod must have OXIDANT_DISTRIBUTED_STRICT=1 (values-sf100.yaml sets connect.distributedStrict); fallback is a hard failure
[preflight] SKIPPED (--skip-worker-preflight)
[run] endpoint=sc://18.236.223.115:50051 suite=tpch sf=10.0 catalog=glue glue_db=tpch_sf10 queries=22 resume_skip=0
/private/tmp/oxidant-smoke-venv/lib/python3.14/site-packages/pyspark/sql/connect/utils.py:41: FutureWarning: PySpark does not yet fully support pandas >= 3.0.0. Some features may not work correctly. It is recommended to use pandas < 3.0.0 for now.
  require_minimum_pandas_version()
/private/tmp/oxidant-smoke-venv/lib/python3.14/site-packages/pyspark/testing/utils.py:127: FutureWarning: PySpark does not yet fully support pandas >= 3.0.0. Some features may not work correctly. It is recommended to use pandas < 3.0.0 for now.
  require_minimum_pandas_version()
Q1    try1 15.5037s rows=4 checksum=357a47c5b9c9…
Q1    HOT  15.5037s
Q2    try1 46.0006s rows=100 checksum=6e71d16adff0…
Q2    HOT  46.0006s
Q3    try1 29.9672s rows=10 checksum=e1c4137dfd63…
Q3    HOT  29.9672s
Q4    try1 13.9206s rows=5 checksum=70b385ea2637…
Q4    HOT  13.9206s
Q5    try1 45.2789s rows=5 checksum=39dea8e418bd…
Q5    HOT  45.2789s
Q6    try1 12.0610s rows=1 checksum=32dc45a34be8…
Q6    HOT  12.0610s
Q7    try1 37.6828s rows=4 checksum=dc7ecd13a672…
Q7    HOT  37.6828s
Q8    try1 51.8727s rows=2 checksum=daf0a6db069e…
Q8    HOT  51.8727s
Q9    try1 49.4756s rows=175 checksum=3ce768ff7ed5…
Q9    HOT  49.4756s
Q10   try1 36.1075s rows=20 checksum=5770e2305025…
Q10   HOT  36.1075s
Q11   try1 23.9402s rows=37978 checksum=bc198a66d015…
Q11   HOT  23.9402s
Q12   try1 20.9718s rows=2 checksum=5ff1c3a69b0c…
Q12   HOT  20.9718s
Q13   FAIL try1 (10.7187s): SparkConnectGrpcException: <_MultiThreadedRendezvous of RPC that terminated with:
	status = StatusCode.UNIMPLEMENTED
	details = "unsupported: auto-distribute: refusing whole-fact gather of sharded table `orders` in strict mode (OXIDANT_DISTRIBUTED_STRICT=1): it would centralize the entire fact on one shuffle partition (KAN-29) and no distributed semi/anti or decorrelated shape matched this query"
	debug_error_string = "UNIMPLEMENTED:unsupported: auto-distribute: refusing whole-fact gather of sharded table `orders` in strict mode (OXIDANT_DISTRIBUTED_STRICT=1): it would centralize the entire fact on one shuffle partition (KAN-29) and no distributed semi/anti or decorrelated shape matched this query"
>
Q14   try1 17.2753s rows=1 checksum=656e325c1521…
Q14   HOT  17.2753s
Q15   try1 18.3471s rows=1 checksum=0df7e5dadf34…
Q15   HOT  18.3471s
Q16   try1 17.4810s rows=27840 checksum=9cf43f5f593a…
Q16   HOT  17.4810s
Q17   try1 18.9427s rows=1 checksum=272dd9f1ce1a…
Q17   HOT  18.9427s
Q18   FAIL try1 (600.0372s): TimeoutError: query exceeded 600s (possible server-side wedge/deadlock)
Q19   try1 24.8947s rows=15 checksum=285eafbdb1b4…
Q19   HOT  24.8947s
Q20   try1 19.9032s rows=1804 checksum=5db87a3713ba…
Q20   HOT  19.9032s
Q21   try1 42.8052s rows=100 checksum=bc362ee25aaf…
Q21   HOT  42.8052s
Q22   FAIL try1 (600.0440s): TimeoutError: query exceeded 600s (possible server-side wedge/deadlock)
[run] wrote bench/sf100/results/remeasure-sf10-postfix3/tpch-sf10.jsonl  ok=19 failed=3 skipped=0
