[run] strict mode: connect pod must have OXIDANT_DISTRIBUTED_STRICT=1 (values-sf100.yaml sets connect.distributedStrict); fallback is a hard failure
[preflight] SKIPPED (--skip-worker-preflight)
[run] endpoint=sc://18.236.223.115:50051 suite=tpch sf=10.0 catalog=glue glue_db=tpch_sf10 queries=22 resume_skip=0
/private/tmp/oxidant-smoke-venv/lib/python3.14/site-packages/pyspark/sql/connect/utils.py:41: FutureWarning: PySpark does not yet fully support pandas >= 3.0.0. Some features may not work correctly. It is recommended to use pandas < 3.0.0 for now.
  require_minimum_pandas_version()
/private/tmp/oxidant-smoke-venv/lib/python3.14/site-packages/pyspark/testing/utils.py:127: FutureWarning: PySpark does not yet fully support pandas >= 3.0.0. Some features may not work correctly. It is recommended to use pandas < 3.0.0 for now.
  require_minimum_pandas_version()
Q1    try1 11.2877s rows=4 checksum=357a47c5b9c9…
Q1    HOT  11.2877s
Q2    try1 46.0564s rows=100 checksum=92a84969d238…
Q2    HOT  46.0564s
Q3    try1 26.7336s rows=10 checksum=e1c4137dfd63…
Q3    HOT  26.7336s
Q4    FAIL try1 (300.0418s): TimeoutError: query exceeded 300s (possible server-side wedge/deadlock)
Q5    try1 69.2340s rows=5 checksum=39dea8e418bd…
Q5    HOT  69.2340s
Q6    try1 13.2093s rows=1 checksum=32dc45a34be8…
Q6    HOT  13.2093s
Q7    try1 38.8097s rows=4 checksum=dc7ecd13a672…
Q7    HOT  38.8097s
Q8    try1 70.2396s rows=2 checksum=daf0a6db069e…
Q8    HOT  70.2396s
Q9    try1 65.2303s rows=175 checksum=3ce768ff7ed5…
Q9    HOT  65.2303s
Q10   try1 42.6993s rows=20 checksum=5770e2305025…
Q10   HOT  42.6993s
Q11   FAIL try1 (23.5118s): SparkConnectGrpcException: <_MultiThreadedRendezvous of RPC that terminated with:
	status = StatusCode.INTERNAL
	details = "execution error: plan error: register `result`: no batches"
	debug_error_string = "INTERNAL:execution error: plan error: register `result`: no batches"
>
Q12   try1 21.1249s rows=2 checksum=5ff1c3a69b0c…
Q12   HOT  21.1249s
Q13   FAIL try1 (300.0398s): TimeoutError: query exceeded 300s (possible server-side wedge/deadlock)
Q14   FAIL try1 (300.0798s): TimeoutError: query exceeded 300s (possible server-side wedge/deadlock)
Q15   FAIL try1 (300.0697s): TimeoutError: query exceeded 300s (possible server-side wedge/deadlock)
Q16   FAIL try1 (300.0775s): TimeoutError: query exceeded 300s (possible server-side wedge/deadlock)
Q17   FAIL try1 (300.0783s): TimeoutError: query exceeded 300s (possible server-side wedge/deadlock)
Q18   FAIL try1 (300.0784s): TimeoutError: query exceeded 300s (possible server-side wedge/deadlock)
Q19   FAIL try1 (300.0725s): TimeoutError: query exceeded 300s (possible server-side wedge/deadlock)
Q20   FAIL try1 (14.7916s): SparkConnectGrpcException: <_MultiThreadedRendezvous of RPC that terminated with:
	status = StatusCode.UNIMPLEMENTED
	details = "unsupported: auto-distribute: subquery over `partsupp` is only safe when that table is replicated"
	debug_error_string = "UNIMPLEMENTED:unsupported: auto-distribute: subquery over `partsupp` is only safe when that table is replicated"
>
Q21   FAIL try1 (300.0457s): TimeoutError: query exceeded 300s (possible server-side wedge/deadlock)
Q22   FAIL try1 (3.6456s): SparkConnectGrpcException: <_MultiThreadedRendezvous of RPC that terminated with:
	status = StatusCode.UNIMPLEMENTED
	details = "unsupported: auto-distribute: subquery over `customer` is only safe when that table is replicated"
	debug_error_string = "UNIMPLEMENTED:unsupported: auto-distribute: subquery over `customer` is only safe when that table is replicated"
>
[run] wrote bench/sf100/results/remeasure-sf10-postfix1/tpch-sf10.jsonl  ok=10 failed=12 skipped=0
