[run] strict mode: connect pod must have WEFT_DISTRIBUTED_STRICT=1 (values-sf100.yaml sets connect.distributedStrict); fallback is a hard failure
[preflight] SKIPPED (--skip-worker-preflight)
[run] endpoint=sc://18.236.223.115:50051 suite=tpcds sf=10.0 catalog=glue glue_db=tpcds_sf10 queries=99 resume_skip=0
/private/tmp/weft-smoke-venv/lib/python3.14/site-packages/pyspark/sql/connect/utils.py:41: FutureWarning: PySpark does not yet fully support pandas >= 3.0.0. Some features may not work correctly. It is recommended to use pandas < 3.0.0 for now.
  require_minimum_pandas_version()
/private/tmp/weft-smoke-venv/lib/python3.14/site-packages/pyspark/testing/utils.py:127: FutureWarning: PySpark does not yet fully support pandas >= 3.0.0. Some features may not work correctly. It is recommended to use pandas < 3.0.0 for now.
  require_minimum_pandas_version()
Q1    FAIL try1 (18.8812s): SparkConnectGrpcException: <_MultiThreadedRendezvous of RPC that terminated with:
	status = StatusCode.UNIMPLEMENTED
	details = "unsupported: auto-distribute: refusing whole-fact gather of sharded table `store_returns` in strict mode (WEFT_DISTRIBUTED_STRICT=1): it would centralize the entire fact on one shuffle partition (KAN-29) and no distributed semi/anti or decorrelated shape matched this query"
	debug_error_string = "UNIMPLEMENTED:unsupported: auto-distribute: refusing whole-fact gather of sharded table `store_returns` in strict mode (WEFT_DISTRIBUTED_STRICT=1): it would centralize the entire fact on one shuffle partition (KAN-29) and no distributed semi/anti or decorrelated shape matched this query"
>
Q2    FAIL try1 (300.0421s): TimeoutError: query exceeded 300s (possible server-side wedge/deadlock)
Q3    FAIL try1 (300.0721s): TimeoutError: query exceeded 300s (possible server-side wedge/deadlock)
Q4    FAIL try1 (18.5487s): SparkConnectGrpcException: <_MultiThreadedRendezvous of RPC that terminated with:
	status = StatusCode.UNIMPLEMENTED
	details = "unsupported: auto-distribute: refusing whole-fact gather of sharded table `store_sales` in strict mode (WEFT_DISTRIBUTED_STRICT=1): it would centralize the entire fact on one shuffle partition (KAN-29) and no distributed semi/anti or decorrelated shape matched this query"
	debug_error_string = "UNIMPLEMENTED:unsupported: auto-distribute: refusing whole-fact gather of sharded table `store_sales` in strict mode (WEFT_DISTRIBUTED_STRICT=1): it would centralize the entire fact on one shuffle partition (KAN-29) and no distributed semi/anti or decorrelated shape matched this query"
>
Q5    FAIL try1 (41.0598s): SparkConnectGrpcException: <_MultiThreadedRendezvous of RPC that terminated with:
	status = StatusCode.UNIMPLEMENTED
	details = "unsupported: auto-distribute: UNION ALL arm does not scan sharded table `store_sales` — broadcasting it would repeat that arm's rows on every worker"
	debug_error_string = "UNIMPLEMENTED:unsupported: auto-distribute: UNION ALL arm does not scan sharded table `store_sales` — broadcasting it would repeat that arm's rows on every worker"
>
Q6    FAIL try1 (300.0335s): TimeoutError: query exceeded 300s (possible server-side wedge/deadlock)
