[run] strict mode: connect pod must have OXIDANT_DISTRIBUTED_STRICT=1 (values-sf100.yaml sets connect.distributedStrict); fallback is a hard failure
[preflight] SKIPPED (--skip-worker-preflight)
[run] endpoint=sc://18.236.223.115:50051 suite=tpch sf=10.0 catalog=glue glue_db=tpch_sf10 queries=22 resume_skip=0
/private/tmp/oxidant-smoke-venv/lib/python3.14/site-packages/pyspark/sql/connect/utils.py:41: FutureWarning: PySpark does not yet fully support pandas >= 3.0.0. Some features may not work correctly. It is recommended to use pandas < 3.0.0 for now.
  require_minimum_pandas_version()
/private/tmp/oxidant-smoke-venv/lib/python3.14/site-packages/pyspark/testing/utils.py:127: FutureWarning: PySpark does not yet fully support pandas >= 3.0.0. Some features may not work correctly. It is recommended to use pandas < 3.0.0 for now.
  require_minimum_pandas_version()
Q1    try1 14.9538s rows=4 checksum=357a47c5b9c9…
Q1    HOT  14.9538s
Q2    try1 46.7988s rows=100 checksum=92a84969d238…
Q2    HOT  46.7988s
Q3    try1 31.4016s rows=10 checksum=e1c4137dfd63…
Q3    HOT  31.4016s
Q4    try1 11.8757s rows=5 checksum=3588f22e00e1…
Q4    HOT  11.8757s
Q5    try1 46.8944s rows=5 checksum=39dea8e418bd…
Q5    HOT  46.8944s
Q6    try1 12.4867s rows=1 checksum=32dc45a34be8…
Q6    HOT  12.4867s
Q7    try1 39.7404s rows=4 checksum=dc7ecd13a672…
Q7    HOT  39.7404s
Q8    try1 52.8310s rows=2 checksum=daf0a6db069e…
Q8    HOT  52.8310s
Q9    try1 49.6370s rows=175 checksum=3ce768ff7ed5…
Q9    HOT  49.6370s
Q10   try1 43.2759s rows=20 checksum=5770e2305025…
Q10   HOT  43.2759s
Q11   try1 24.3788s rows=37978 checksum=bc198a66d015…
Q11   HOT  24.3788s
Q12   try1 21.4673s rows=2 checksum=5ff1c3a69b0c…
Q12   HOT  21.4673s
Q13   FAIL try1 (10.9800s): SparkConnectGrpcException: <_MultiThreadedRendezvous of RPC that terminated with:
	status = StatusCode.UNIMPLEMENTED
	details = "unsupported: auto-distribute: refusing whole-fact gather of sharded table `orders` in strict mode (OXIDANT_DISTRIBUTED_STRICT=1): it would centralize the entire fact on one shuffle partition (KAN-29) and no distributed semi/anti or decorrelated shape matched this query"
	debug_error_string = "UNIMPLEMENTED:unsupported: auto-distribute: refusing whole-fact gather of sharded table `orders` in strict mode (OXIDANT_DISTRIBUTED_STRICT=1): it would centralize the entire fact on one shuffle partition (KAN-29) and no distributed semi/anti or decorrelated shape matched this query"
>
Q14   try1 18.2486s rows=1 checksum=656e325c1521…
Q14   HOT  18.2486s
Q15   try1 18.6372s rows=1 checksum=6a8523a91bac…
Q15   HOT  18.6372s
Q16   FAIL try1 (14.6114s): SparkConnectGrpcException: <_MultiThreadedRendezvous of RPC that terminated with:
	status = StatusCode.UNIMPLEMENTED
	details = "unsupported: auto-distribute: refusing whole-fact gather of sharded table `supplier` in strict mode (OXIDANT_DISTRIBUTED_STRICT=1): it would centralize the entire fact on one shuffle partition (KAN-29) and no distributed semi/anti or decorrelated shape matched this query"
	debug_error_string = "UNIMPLEMENTED:unsupported: auto-distribute: refusing whole-fact gather of sharded table `supplier` in strict mode (OXIDANT_DISTRIBUTED_STRICT=1): it would centralize the entire fact on one shuffle partition (KAN-29) and no distributed semi/anti or decorrelated shape matched this query"
>
Q17   try1 19.5849s rows=1 checksum=7cd06de0b3e3…
Q17   HOT  19.5849s
Q18   FAIL try1 (115.5367s): SparkConnectGrpcException: <_MultiThreadedRendezvous of RPC that terminated with:
	status = StatusCode.INTERNAL
	details = "execution error: do_get: io error: spill write: Io error: No space left on device (os error 28)"
	debug_error_string = "INTERNAL:execution error: do_get: io error: spill write: Io error: No space left on device (os error 28)"
>
Q19   try1 21.8754s rows=1 checksum=afc51ffba3fa…
Q19   HOT  21.8754s
Q20   FAIL try1 (14.7062s): SparkConnectGrpcException: <_MultiThreadedRendezvous of RPC that terminated with:
	status = StatusCode.UNIMPLEMENTED
	details = "unsupported: auto-distribute: subquery over `partsupp` is only safe when that table is replicated"
	debug_error_string = "UNIMPLEMENTED:unsupported: auto-distribute: subquery over `partsupp` is only safe when that table is replicated"
>
Q21   FAIL try1 (39.7865s): SparkConnectGrpcException: <_MultiThreadedRendezvous of RPC that terminated with:
	status = StatusCode.INTERNAL
	details = "execution error: do_get: execution error: IO error: No space left on device (os error 28) at path "/var/lib/oxidant/spill/.tmpf0Q6EB/.tmpj3kHNP""
	debug_error_string = "INTERNAL:execution error: do_get: execution error: IO error: No space left on device (os error 28) at path "/var/lib/oxidant/spill/.tmpf0Q6EB/.tmpj3kHNP""
>
Q22   FAIL try1 (3.6659s): SparkConnectGrpcException: <_MultiThreadedRendezvous of RPC that terminated with:
	status = StatusCode.UNIMPLEMENTED
	details = "unsupported: auto-distribute: subquery over `customer` is only safe when that table is replicated"
	debug_error_string = "UNIMPLEMENTED:unsupported: auto-distribute: subquery over `customer` is only safe when that table is replicated"
>
[run] wrote bench/sf100/results/remeasure-sf10-postfix2/tpch-sf10.jsonl  ok=16 failed=6 skipped=0
