[matrix] === Q4: restarting workers 16:08:02Z ===
[matrix] Q4 FAIL 241s  w0:32420->25935180 w1:32632->24948040 drv:467640
[matrix]   Q4    FAIL try1 (240.0734s): TimeoutError: query exceeded 240s (possible server-side wedge/deadlock) 
[matrix] === Q5: restarting workers 16:12:18Z ===
[matrix] Q5 PASS 50s  w0:32428->1086268 w1:32640->1128576 drv:467768
[matrix]   Q5    try1 50.0359s rows=5 checksum=1c6554793138… Q5    HOT  50.0359s 
[matrix] === Q8: restarting workers 16:13:23Z ===
[matrix] Q8 PASS 59s  w0:32500->919312 w1:32664->1152100 drv:467840
[matrix]   Q8    try1 58.0702s rows=2 checksum=d9de9be5b081… Q8    HOT  58.0702s 
[matrix] === Q9: restarting workers 16:14:36Z ===
[matrix] Q9 PASS 56s  w0:32388->1698748 w1:32632->1447968 drv:404948
[matrix]   Q9    try1 55.3012s rows=175 checksum=36bb5eb0c65c… Q9    HOT  55.3012s 
[matrix] === Q10: restarting workers 16:15:45Z ===
[matrix] Q10 PASS 55s  w0:32400->2816604 w1:32680->2361628 drv:644112
[matrix]   Q10   try1 54.1802s rows=20 checksum=32af82f94217… Q10   HOT  54.1802s 
[matrix] === Q11: restarting workers 16:16:54Z ===
[matrix] Q11 FAIL 259s  w0:32468->8991992 w1:32660->402944 drv:13625876
[matrix]   Q11   FAIL try1 (240.0780s): TimeoutError: query exceeded 240s (possible server-side wedge/deadlock) 
[matrix] === Q12: restarting workers 16:21:26Z ===
[matrix] Q12 FAIL 255s  w0:32408->32408 w1:32620->32620 drv:13565240
[matrix]   Q12   FAIL try1 (243.7017s): TimeoutError: query exceeded 240s (possible server-side wedge/deadlock) 
[matrix] === Q13: restarting workers 16:25:55Z ===
[matrix] Q13 FAIL 266s  w0:32460->7726124 w1:32520->863256 drv:13625204
[matrix]   Q13   FAIL try1 (240.0806s): TimeoutError: query exceeded 240s (possible server-side wedge/deadlock) 
[matrix] === Q14: restarting workers 16:30:35Z ===
[matrix] Q14 PASS 34s  w0:32500->135800 w1:32680->142900 drv:13601740
[matrix]   Q14   try1 29.4189s rows=1 checksum=656e325c1521… Q14   HOT  29.4189s 
[matrix] === Q15: restarting workers 16:31:22Z ===
[matrix] Q15 FAIL 241s  w0:32468->25934888 w1:32604->25817428 drv:13497528
[matrix]   Q15   FAIL try1 (240.0759s): TimeoutError: query exceeded 240s (possible server-side wedge/deadlock) 
[matrix] === Q16: restarting workers 16:35:37Z ===
[matrix] Q16 PASS 182s  w0:32100->1313632 w1:32264->209412 drv:9411536
[matrix]   Q16   try1 181.2715s rows=27713 checksum=7b3a98cded54… Q16   HOT  181.2715s 
[matrix] === Q17: restarting workers 16:38:53Z ===
[matrix] Q17 FAIL 241s  w0:32000->26085648 w1:32156->25806680 drv:9448004
[matrix]   Q17   FAIL try1 (240.0796s): TimeoutError: query exceeded 240s (possible server-side wedge/deadlock) 
[matrix] === Q18: restarting workers 16:43:08Z ===
[matrix] Q18 FAIL 241s  w0:32032->26068500 w1:32264->25672916 drv:9448580
[matrix]   Q18   FAIL try1 (240.1123s): TimeoutError: query exceeded 240s (possible server-side wedge/deadlock) 
[matrix] === Q19: restarting workers 16:47:24Z ===
[matrix] Q19 PASS 23s  w0:32144->146568 w1:32212->151500 drv:9449604
[matrix]   Q19   try1 22.6085s rows=1 checksum=afc51ffba3fa… Q19   HOT  22.6085s 
[matrix] === Q21: restarting workers 16:48:02Z ===
[matrix] Q21 FAIL 241s  w0:32112->25863316 w1:32260->25893288 drv:9450376
[matrix]   Q21   FAIL try1 (240.0650s): TimeoutError: query exceeded 240s (possible server-side wedge/deadlock) 
[matrix] === Q22: restarting workers 16:52:17Z ===
[matrix] Q22 FAIL 4s  w0:32168->32168 w1:32092->32092 drv:9451724
[matrix]   Q22   FAIL try1 (3.7721s): SparkConnectGrpcException: <_MultiThreadedRendezvous of RPC that terminated with: 
[matrix] DONE 16:52:35Z
