[run] strict mode: connect pod must have WEFT_DISTRIBUTED_STRICT=1 (values-sf100.yaml sets connect.distributedStrict); fallback is a hard failure
[preflight] SKIPPED (--skip-worker-preflight)
[run] endpoint=sc://18.236.223.115:50051 suite=tpch sf=10.0 catalog=glue glue_db=tpch_sf10 queries=21 resume_skip=0
/private/tmp/weft-smoke-venv/lib/python3.14/site-packages/pyspark/sql/connect/utils.py:41: FutureWarning: PySpark does not yet fully support pandas >= 3.0.0. Some features may not work correctly. It is recommended to use pandas < 3.0.0 for now.
  require_minimum_pandas_version()
/private/tmp/weft-smoke-venv/lib/python3.14/site-packages/pyspark/testing/utils.py:127: FutureWarning: PySpark does not yet fully support pandas >= 3.0.0. Some features may not work correctly. It is recommended to use pandas < 3.0.0 for now.
  require_minimum_pandas_version()
Q1    try1 10.8293s rows=4 checksum=357a47c5b9c9…
Q1    HOT  10.8293s
Q3    try1 23.9730s rows=10 checksum=e1c4137dfd63…
Q3    HOT  23.9730s
Q4    FAIL try1 (300.0418s): TimeoutError: query exceeded 300s (possible server-side wedge/deadlock)
Q5    FAIL try1 (300.0707s): TimeoutError: query exceeded 300s (possible server-side wedge/deadlock)
Q6    try1 13.3833s rows=1 checksum=32dc45a34be8…
Q6    HOT  13.3833s
Q7    try1 46.4479s rows=4 checksum=742d66a1b062…
Q7    HOT  46.4479s
Q8    FAIL try1 (300.0383s): TimeoutError: query exceeded 300s (possible server-side wedge/deadlock)
Q9    FAIL try1 (300.0689s): TimeoutError: query exceeded 300s (possible server-side wedge/deadlock)
Q10   FAIL try1 (141.7028s): SparkConnectGrpcException: <_MultiThreadedRendezvous of RPC that terminated with:
	status = StatusCode.INTERNAL
	details = "execution error: do_get: execution error: mem table `shuffle_input`: Error during planning: Mismatch between schema and batches"
	debug_error_string = "INTERNAL:execution error: do_get: execution error: mem table `shuffle_input`: Error during planning: Mismatch between schema and batches"
>
Q11   FAIL try1 (300.0396s): TimeoutError: query exceeded 300s (possible server-side wedge/deadlock)
Q12   FAIL try1 (300.0661s): TimeoutError: query exceeded 300s (possible server-side wedge/deadlock)
Q13   FAIL try1 (300.0654s): TimeoutError: query exceeded 300s (possible server-side wedge/deadlock)
Q14   FAIL try1 (300.0790s): TimeoutError: query exceeded 300s (possible server-side wedge/deadlock)
Q15   FAIL try1 (278.8100s): SparkConnectGrpcException: <_MultiThreadedRendezvous of RPC that terminated with:
	status = StatusCode.INTERNAL
	details = "execution error: worker has no free task slots: http://172.31.50.17:50561"
	debug_error_string = "INTERNAL:execution error: worker has no free task slots: http://172.31.50.17:50561"
>
Q16   FAIL try1 (206.3071s): SparkConnectGrpcException: <_MultiThreadedRendezvous of RPC that terminated with:
	status = StatusCode.INTERNAL
	details = "execution error: worker has no free task slots: http://172.31.50.17:50561"
	debug_error_string = "INTERNAL:execution error: worker has no free task slots: http://172.31.50.17:50561"
>
Q17   FAIL try1 (300.0452s): TimeoutError: query exceeded 300s (possible server-side wedge/deadlock)
Q18   FAIL try1 (220.5550s): SparkConnectGrpcException: <_MultiThreadedRendezvous of RPC that terminated with:
	status = StatusCode.INTERNAL
	details = "execution error: do_get: Timeout expired"
	debug_error_string = "INTERNAL:execution error: do_get: Timeout expired"
>
Q19   FAIL try1 (216.4050s): SparkConnectGrpcException: <_MultiThreadedRendezvous of RPC that terminated with:
	status = StatusCode.INTERNAL
	details = "execution error: worker has no free task slots: http://172.31.50.17:50561"
	debug_error_string = "INTERNAL:execution error: worker has no free task slots: http://172.31.50.17:50561"
>
Q20   FAIL try1 (14.7561s): SparkConnectGrpcException: <_MultiThreadedRendezvous of RPC that terminated with:
	status = StatusCode.UNIMPLEMENTED
	details = "unsupported: auto-distribute: subquery over `partsupp` is only safe when that table is replicated"
	debug_error_string = "UNIMPLEMENTED:unsupported: auto-distribute: subquery over `partsupp` is only safe when that table is replicated"
>
Q21   FAIL try1 (237.4493s): SparkConnectGrpcException: <_MultiThreadedRendezvous of RPC that terminated with:
	status = StatusCode.INTERNAL
	details = "execution error: do_get: Timeout expired"
	debug_error_string = "INTERNAL:execution error: do_get: Timeout expired"
>
Q22   FAIL try1 (3.7612s): SparkConnectGrpcException: <_MultiThreadedRendezvous of RPC that terminated with:
	status = StatusCode.UNIMPLEMENTED
	details = "unsupported: auto-distribute: subquery over `customer` is only safe when that table is replicated"
	debug_error_string = "UNIMPLEMENTED:unsupported: auto-distribute: subquery over `customer` is only safe when that table is replicated"
>
[run] wrote bench/sf100/results/remeasure-sf10-run5/tpch-sf10-noq2.jsonl  ok=4 failed=17 skipped=0
