[run] strict mode: connect pod must have OXIDANT_DISTRIBUTED_STRICT=1 (values-sf100.yaml sets connect.distributedStrict); fallback is a hard failure
[preflight] SKIPPED (--skip-worker-preflight)
[run] endpoint=sc://35.85.61.45:50051 suite=tpcds sf=10.0 catalog=glue glue_db=tpcds_sf10 queries=99 resume_skip=0
/private/tmp/oxidant-smoke-venv/lib/python3.14/site-packages/pyspark/sql/connect/utils.py:41: FutureWarning: PySpark does not yet fully support pandas >= 3.0.0. Some features may not work correctly. It is recommended to use pandas < 3.0.0 for now.
  require_minimum_pandas_version()
/private/tmp/oxidant-smoke-venv/lib/python3.14/site-packages/pyspark/testing/utils.py:127: FutureWarning: PySpark does not yet fully support pandas >= 3.0.0. Some features may not work correctly. It is recommended to use pandas < 3.0.0 for now.
  require_minimum_pandas_version()
Q1    FAIL try1 (14.7953s): SparkConnectGrpcException: <_MultiThreadedRendezvous of RPC that terminated with:
	status = StatusCode.UNIMPLEMENTED
	details = "unsupported: auto-distribute: refusing whole-fact gather of sharded table `store_returns` in strict mode (OXIDANT_DISTRIBUTED_STRICT=1): it would centralize the entire fact on one shuffle partition (KAN-29) and no distributed semi/anti or decorrelated shape matched this query"
	debug_error_string = "UNIMPLEMENTED:unsupported: auto-distribute: refusing whole-fact gather of sharded table `store_returns` in strict mode (OXIDANT_DISTRIBUTED_STRICT=1): it would centralize the entire fact on one shuffle partition (KAN-29) and no distributed semi/anti or decorrelated shape matched this query"
>
Q2    try1 16.6764s rows=2513 checksum=103df2fec7a2…
Q2    HOT  16.6764s
Q3    try1 13.3478s rows=100 checksum=a4e9709ff0c2…
Q3    HOT  13.3478s
Q4    FAIL try1 (17.3669s): SparkConnectGrpcException: <_MultiThreadedRendezvous of RPC that terminated with:
	status = StatusCode.UNIMPLEMENTED
	details = "unsupported: auto-distribute: refusing whole-fact gather of sharded table `store_sales` in strict mode (OXIDANT_DISTRIBUTED_STRICT=1): it would centralize the entire fact on one shuffle partition (KAN-29) and no distributed semi/anti or decorrelated shape matched this query"
	debug_error_string = "UNIMPLEMENTED:unsupported: auto-distribute: refusing whole-fact gather of sharded table `store_sales` in strict mode (OXIDANT_DISTRIBUTED_STRICT=1): it would centralize the entire fact on one shuffle partition (KAN-29) and no distributed semi/anti or decorrelated shape matched this query"
>
Q5    FAIL try1 (36.3250s): SparkConnectGrpcException: <_MultiThreadedRendezvous of RPC that terminated with:
	status = StatusCode.UNIMPLEMENTED
	details = "unsupported: auto-distribute: UNION ALL arm does not scan sharded table `store_sales` — broadcasting it would repeat that arm's rows on every worker"
	debug_error_string = "UNIMPLEMENTED:unsupported: auto-distribute: UNION ALL arm does not scan sharded table `store_sales` — broadcasting it would repeat that arm's rows on every worker"
>
Q6    FAIL try1 (21.6625s): SparkConnectGrpcException: <_MultiThreadedRendezvous of RPC that terminated with:
	status = StatusCode.INTERNAL
	details = "execution error: do_get: execution error: Resources exhausted: Failed to allocate additional 65.0 KB for CrossJoinExec with 16.0 GB already allocated for this reservation - 42.2 KB remain available for the total memory pool: fair(pool_size: 16.0 GB)"
	debug_error_string = "INTERNAL:execution error: do_get: execution error: Resources exhausted: Failed to allocate additional 65.0 KB for CrossJoinExec with 16.0 GB already allocated for this reservation - 42.2 KB remain available for the total memory pool: fair(pool_size: 16.0 GB)"
>
Q7    try1 23.4508s rows=100 checksum=8c97e39a6020…
Q7    HOT  23.4508s
Q8    try1 20.2966s rows=9 checksum=7afd86a2f729…
Q8    HOT  20.2966s
Q9    FAIL try1 (3.5419s): SparkConnectGrpcException: <_MultiThreadedRendezvous of RPC that terminated with:
	status = StatusCode.UNIMPLEMENTED
	details = "unsupported: auto-distribute: subquery over `store_sales` is only safe when that table is replicated"
	debug_error_string = "UNIMPLEMENTED:unsupported: auto-distribute: subquery over `store_sales` is only safe when that table is replicated"
>
Q10   FAIL try1 (10.5142s): SparkConnectGrpcException: <_MultiThreadedRendezvous of RPC that terminated with:
	status = StatusCode.UNIMPLEMENTED
	details = "unsupported: auto-distribute: subquery over `store_sales` is only safe when that table is replicated"
	debug_error_string = "UNIMPLEMENTED:unsupported: auto-distribute: subquery over `store_sales` is only safe when that table is replicated"
>
Q11   try1 25.5361s rows=100 checksum=ebbb1d8895fc…
Q11   HOT  25.5361s
Q12   try1 12.5085s rows=100 checksum=133da748afcd…
Q12   HOT  12.5085s
Q13   try1 26.6951s rows=1 checksum=d14a6269ccf8…
Q13   HOT  26.6951s
Q14   FAIL try1 (17.4708s): SparkConnectGrpcException: <_MultiThreadedRendezvous of RPC that terminated with:
	status = StatusCode.UNIMPLEMENTED
	details = "unsupported: auto-distribute: subquery over `store_sales` is only safe when that table is replicated"
	debug_error_string = "UNIMPLEMENTED:unsupported: auto-distribute: subquery over `store_sales` is only safe when that table is replicated"
>
Q15   try1 15.8005s rows=100 checksum=b4d28d9b9777…
Q15   HOT  15.8005s
Q16   FAIL try1 (14.7091s): SparkConnectGrpcException: <_MultiThreadedRendezvous of RPC that terminated with:
	status = StatusCode.UNIMPLEMENTED
	details = "unsupported: auto-distribute: subquery over `catalog_sales` is only safe when that table is replicated"
	debug_error_string = "UNIMPLEMENTED:unsupported: auto-distribute: subquery over `catalog_sales` is only safe when that table is replicated"
>
Q17   try1 27.5772s rows=0 checksum=e3b0c44298fc…
Q17   HOT  27.5772s
Q18   try1 26.0355s rows=100 checksum=3afb37046515…
Q18   HOT  26.0355s
Q19   try1 23.4190s rows=100 checksum=c586851a599e…
Q19   HOT  23.4190s
Q20   try1 12.2136s rows=100 checksum=b92809bfe09f…
Q20   HOT  12.2136s
Q21   try1 18.6018s rows=100 checksum=d9daec5f7a73…
Q21   HOT  18.6018s
Q22   try1 14.0236s rows=100 checksum=170883a5eca8…
Q22   HOT  14.0236s
Q23   FAIL try1 (20.4423s): SparkConnectGrpcException: <_MultiThreadedRendezvous of RPC that terminated with:
	status = StatusCode.UNIMPLEMENTED
	details = "unsupported: auto-distribute: refusing whole-fact gather of sharded table `store_sales` in strict mode (OXIDANT_DISTRIBUTED_STRICT=1): it would centralize the entire fact on one shuffle partition (KAN-29) and no distributed semi/anti or decorrelated shape matched this query"
	debug_error_string = "UNIMPLEMENTED:unsupported: auto-distribute: refusing whole-fact gather of sharded table `store_sales` in strict mode (OXIDANT_DISTRIBUTED_STRICT=1): it would centralize the entire fact on one shuffle partition (KAN-29) and no distributed semi/anti or decorrelated shape matched this query"
>
Q24   FAIL try1 (20.6823s): SparkConnectGrpcException: <_MultiThreadedRendezvous of RPC that terminated with:
	status = StatusCode.UNIMPLEMENTED
	details = "unsupported: auto-distribute: refusing whole-fact gather of sharded table `store_sales` in strict mode (OXIDANT_DISTRIBUTED_STRICT=1): it would centralize the entire fact on one shuffle partition (KAN-29) and no distributed semi/anti or decorrelated shape matched this query"
	debug_error_string = "UNIMPLEMENTED:unsupported: auto-distribute: refusing whole-fact gather of sharded table `store_sales` in strict mode (OXIDANT_DISTRIBUTED_STRICT=1): it would centralize the entire fact on one shuffle partition (KAN-29) and no distributed semi/anti or decorrelated shape matched this query"
>
Q25   try1 26.7998s rows=2 checksum=34bb675d60dd…
Q25   HOT  26.7998s
Q26   try1 21.7663s rows=100 checksum=3275b6cd17c5…
Q26   HOT  21.7663s
Q27   FAIL try1 (17.4721s): SparkConnectGrpcException: <_MultiThreadedRendezvous of RPC that terminated with:
	status = StatusCode.UNIMPLEMENTED
	details = "unsupported: auto-distribute: refusing whole-fact gather of sharded table `store_sales` in strict mode (OXIDANT_DISTRIBUTED_STRICT=1): it would centralize the entire fact on one shuffle partition (KAN-29) and no distributed semi/anti or decorrelated shape matched this query"
	debug_error_string = "UNIMPLEMENTED:unsupported: auto-distribute: refusing whole-fact gather of sharded table `store_sales` in strict mode (OXIDANT_DISTRIBUTED_STRICT=1): it would centralize the entire fact on one shuffle partition (KAN-29) and no distributed semi/anti or decorrelated shape matched this query"
>
Q28   FAIL try1 (3.5813s): SparkConnectGrpcException: <_MultiThreadedRendezvous of RPC that terminated with:
	status = StatusCode.UNIMPLEMENTED
	details = "unsupported: auto-distribute: refusing whole-fact gather of sharded table `store_sales` in strict mode (OXIDANT_DISTRIBUTED_STRICT=1): it would centralize the entire fact on one shuffle partition (KAN-29) and no distributed semi/anti or decorrelated shape matched this query"
	debug_error_string = "UNIMPLEMENTED:unsupported: auto-distribute: refusing whole-fact gather of sharded table `store_sales` in strict mode (OXIDANT_DISTRIBUTED_STRICT=1): it would centralize the entire fact on one shuffle partition (KAN-29) and no distributed semi/anti or decorrelated shape matched this query"
>
Q29   try1 26.7595s rows=8 checksum=93830acf6010…
Q29   HOT  26.7595s
Q30   FAIL try1 (15.0141s): SparkConnectGrpcException: <_MultiThreadedRendezvous of RPC that terminated with:
	status = StatusCode.UNIMPLEMENTED
	details = "unsupported: auto-distribute: refusing whole-fact gather of sharded table `web_returns` in strict mode (OXIDANT_DISTRIBUTED_STRICT=1): it would centralize the entire fact on one shuffle partition (KAN-29) and no distributed semi/anti or decorrelated shape matched this query"
	debug_error_string = "UNIMPLEMENTED:unsupported: auto-distribute: refusing whole-fact gather of sharded table `web_returns` in strict mode (OXIDANT_DISTRIBUTED_STRICT=1): it would centralize the entire fact on one shuffle partition (KAN-29) and no distributed semi/anti or decorrelated shape matched this query"
>
Q31   try1 20.2351s rows=307 checksum=2267d57010af…
Q31   HOT  20.2351s
Q32   try1 12.8642s rows=1 checksum=4cd94a7b8814…
Q32   HOT  12.8642s
Q33   FAIL try1 (20.6499s): SparkConnectGrpcException: <_MultiThreadedRendezvous of RPC that terminated with:
	status = StatusCode.UNIMPLEMENTED
	details = "unsupported: auto-distribute: refusing whole-fact gather of sharded table `store_sales` in strict mode (OXIDANT_DISTRIBUTED_STRICT=1): it would centralize the entire fact on one shuffle partition (KAN-29) and no distributed semi/anti or decorrelated shape matched this query"
	debug_error_string = "UNIMPLEMENTED:unsupported: auto-distribute: refusing whole-fact gather of sharded table `store_sales` in strict mode (OXIDANT_DISTRIBUTED_STRICT=1): it would centralize the entire fact on one shuffle partition (KAN-29) and no distributed semi/anti or decorrelated shape matched this query"
>
Q34   try1 20.3826s rows=1560 checksum=8ea031658780…
Q34   HOT  20.3826s
Q35   FAIL try1 (10.3235s): SparkConnectGrpcException: <_MultiThreadedRendezvous of RPC that terminated with:
	status = StatusCode.UNIMPLEMENTED
	details = "unsupported: auto-distribute: subquery over `store_sales` is only safe when that table is replicated"
	debug_error_string = "UNIMPLEMENTED:unsupported: auto-distribute: subquery over `store_sales` is only safe when that table is replicated"
>
Q36   FAIL try1 (13.7606s): SparkConnectGrpcException: <_MultiThreadedRendezvous of RPC that terminated with:
	status = StatusCode.UNIMPLEMENTED
	details = "unsupported: auto-distribute: refusing whole-fact gather of sharded table `store_sales` in strict mode (OXIDANT_DISTRIBUTED_STRICT=1): it would centralize the entire fact on one shuffle partition (KAN-29) and no distributed semi/anti or decorrelated shape matched this query"
	debug_error_string = "UNIMPLEMENTED:unsupported: auto-distribute: refusing whole-fact gather of sharded table `store_sales` in strict mode (OXIDANT_DISTRIBUTED_STRICT=1): it would centralize the entire fact on one shuffle partition (KAN-29) and no distributed semi/anti or decorrelated shape matched this query"
>
Q37   try1 27.2759s rows=2 checksum=bf6bb0a172a3…
Q37   HOT  27.2759s
Q38   FAIL try1 (17.2213s): SparkConnectGrpcException: <_MultiThreadedRendezvous of RPC that terminated with:
	status = StatusCode.UNIMPLEMENTED
	details = "unsupported: auto-distribute: refusing whole-fact gather of sharded table `store_sales` in strict mode (OXIDANT_DISTRIBUTED_STRICT=1): it would centralize the entire fact on one shuffle partition (KAN-29) and no distributed semi/anti or decorrelated shape matched this query"
	debug_error_string = "UNIMPLEMENTED:unsupported: auto-distribute: refusing whole-fact gather of sharded table `store_sales` in strict mode (OXIDANT_DISTRIBUTED_STRICT=1): it would centralize the entire fact on one shuffle partition (KAN-29) and no distributed semi/anti or decorrelated shape matched this query"
>
Q39   FAIL try1 (13.8323s): SparkConnectGrpcException: <_MultiThreadedRendezvous of RPC that terminated with:
	status = StatusCode.UNIMPLEMENTED
	details = "unsupported: auto-distribute: refusing whole-fact gather of sharded table `inventory` in strict mode (OXIDANT_DISTRIBUTED_STRICT=1): it would centralize the entire fact on one shuffle partition (KAN-29) and no distributed semi/anti or decorrelated shape matched this query"
	debug_error_string = "UNIMPLEMENTED:unsupported: auto-distribute: refusing whole-fact gather of sharded table `inventory` in strict mode (OXIDANT_DISTRIBUTED_STRICT=1): it would centralize the entire fact on one shuffle partition (KAN-29) and no distributed semi/anti or decorrelated shape matched this query"
>
Q40   try1 19.7859s rows=100 checksum=fd9a674a8149…
Q40   HOT  19.7859s
Q41   FAIL try1 (3.6474s): SparkConnectGrpcException: <_MultiThreadedRendezvous of RPC that terminated with:
	status = StatusCode.UNIMPLEMENTED
	details = "unsupported: auto-distribute: refusing whole-fact gather of sharded table `item` in strict mode (OXIDANT_DISTRIBUTED_STRICT=1): it would centralize the entire fact on one shuffle partition (KAN-29) and no distributed semi/anti or decorrelated shape matched this query"
	debug_error_string = "UNIMPLEMENTED:unsupported: auto-distribute: refusing whole-fact gather of sharded table `item` in strict mode (OXIDANT_DISTRIBUTED_STRICT=1): it would centralize the entire fact on one shuffle partition (KAN-29) and no distributed semi/anti or decorrelated shape matched this query"
>
Q42   try1 12.7344s rows=11 checksum=f4b9061304f6…
Q42   HOT  12.7344s
Q43   try1 12.0758s rows=18 checksum=88de50b29c32…
Q43   HOT  12.0758s
Q44   FAIL try1 (7.0270s): SparkConnectGrpcException: <_MultiThreadedRendezvous of RPC that terminated with:
	status = StatusCode.UNIMPLEMENTED
	details = "unsupported: auto-distribute: refusing whole-fact gather of sharded table `store_sales` in strict mode (OXIDANT_DISTRIBUTED_STRICT=1): it would centralize the entire fact on one shuffle partition (KAN-29) and no distributed semi/anti or decorrelated shape matched this query"
	debug_error_string = "UNIMPLEMENTED:unsupported: auto-distribute: refusing whole-fact gather of sharded table `store_sales` in strict mode (OXIDANT_DISTRIBUTED_STRICT=1): it would centralize the entire fact on one shuffle partition (KAN-29) and no distributed semi/anti or decorrelated shape matched this query"
>
Q45   try1 18.7791s rows=49 checksum=f2475e4e5770…
Q45   HOT  18.7791s
Q46   try1 25.5918s rows=100 checksum=bf326bf81a84…
Q46   HOT  25.5918s
Q47   FAIL try1 (13.7023s): SparkConnectGrpcException: <_MultiThreadedRendezvous of RPC that terminated with:
	status = StatusCode.UNIMPLEMENTED
	details = "unsupported: auto-distribute: refusing whole-fact gather of sharded table `store_sales` in strict mode (OXIDANT_DISTRIBUTED_STRICT=1): it would centralize the entire fact on one shuffle partition (KAN-29) and no distributed semi/anti or decorrelated shape matched this query"
	debug_error_string = "UNIMPLEMENTED:unsupported: auto-distribute: refusing whole-fact gather of sharded table `store_sales` in strict mode (OXIDANT_DISTRIBUTED_STRICT=1): it would centralize the entire fact on one shuffle partition (KAN-29) and no distributed semi/anti or decorrelated shape matched this query"
>
Q48   try1 22.7589s rows=1 checksum=5d8941b53929…
Q48   HOT  22.7589s
Q49   FAIL try1 (24.3134s): SparkConnectGrpcException: <_MultiThreadedRendezvous of RPC that terminated with:
	status = StatusCode.UNIMPLEMENTED
	details = "unsupported: auto-distribute: refusing whole-fact gather of sharded table `store_sales` in strict mode (OXIDANT_DISTRIBUTED_STRICT=1): it would centralize the entire fact on one shuffle partition (KAN-29) and no distributed semi/anti or decorrelated shape matched this query"
	debug_error_string = "UNIMPLEMENTED:unsupported: auto-distribute: refusing whole-fact gather of sharded table `store_sales` in strict mode (OXIDANT_DISTRIBUTED_STRICT=1): it would centralize the entire fact on one shuffle partition (KAN-29) and no distributed semi/anti or decorrelated shape matched this query"
>
Q50   try1 17.5439s rows=51 checksum=0840a4471ca2…
Q50   HOT  17.5439s
Q51   FAIL try1 (10.5065s): SparkConnectGrpcException: <_MultiThreadedRendezvous of RPC that terminated with:
	status = StatusCode.UNIMPLEMENTED
	details = "unsupported: auto-distribute: refusing whole-fact gather of sharded table `store_sales` in strict mode (OXIDANT_DISTRIBUTED_STRICT=1): it would centralize the entire fact on one shuffle partition (KAN-29) and no distributed semi/anti or decorrelated shape matched this query"
	debug_error_string = "UNIMPLEMENTED:unsupported: auto-distribute: refusing whole-fact gather of sharded table `store_sales` in strict mode (OXIDANT_DISTRIBUTED_STRICT=1): it would centralize the entire fact on one shuffle partition (KAN-29) and no distributed semi/anti or decorrelated shape matched this query"
>
Q52   try1 12.3310s rows=100 checksum=71faf67bee8c…
Q52   HOT  12.3310s
Q53   try1 16.3445s rows=100 checksum=b5117893d749…
Q53   HOT  16.3445s
Q54   try1 33.0922s rows=1 checksum=01d8a946b3e1…
Q54   HOT  33.0922s
Q55   try1 12.1435s rows=100 checksum=a71e9a584f76…
Q55   HOT  12.1435s
Q56   FAIL try1 (21.1021s): SparkConnectGrpcException: <_MultiThreadedRendezvous of RPC that terminated with:
	status = StatusCode.UNIMPLEMENTED
	details = "unsupported: auto-distribute: refusing whole-fact gather of sharded table `store_sales` in strict mode (OXIDANT_DISTRIBUTED_STRICT=1): it would centralize the entire fact on one shuffle partition (KAN-29) and no distributed semi/anti or decorrelated shape matched this query"
	debug_error_string = "UNIMPLEMENTED:unsupported: auto-distribute: refusing whole-fact gather of sharded table `store_sales` in strict mode (OXIDANT_DISTRIBUTED_STRICT=1): it would centralize the entire fact on one shuffle partition (KAN-29) and no distributed semi/anti or decorrelated shape matched this query"
>
Q57   FAIL try1 (14.1165s): SparkConnectGrpcException: <_MultiThreadedRendezvous of RPC that terminated with:
	status = StatusCode.UNIMPLEMENTED
	details = "unsupported: auto-distribute: refusing whole-fact gather of sharded table `catalog_sales` in strict mode (OXIDANT_DISTRIBUTED_STRICT=1): it would centralize the entire fact on one shuffle partition (KAN-29) and no distributed semi/anti or decorrelated shape matched this query"
	debug_error_string = "UNIMPLEMENTED:unsupported: auto-distribute: refusing whole-fact gather of sharded table `catalog_sales` in strict mode (OXIDANT_DISTRIBUTED_STRICT=1): it would centralize the entire fact on one shuffle partition (KAN-29) and no distributed semi/anti or decorrelated shape matched this query"
>
Q58   try1 25.9487s rows=31 checksum=e25f18eef98f…
Q58   HOT  25.9487s
Q59   try1 16.3085s rows=100 checksum=3c890a72d48f…
Q59   HOT  16.3085s
Q60   FAIL try1 (21.4341s): SparkConnectGrpcException: <_MultiThreadedRendezvous of RPC that terminated with:
	status = StatusCode.UNIMPLEMENTED
	details = "unsupported: auto-distribute: refusing whole-fact gather of sharded table `store_sales` in strict mode (OXIDANT_DISTRIBUTED_STRICT=1): it would centralize the entire fact on one shuffle partition (KAN-29) and no distributed semi/anti or decorrelated shape matched this query"
	debug_error_string = "UNIMPLEMENTED:unsupported: auto-distribute: refusing whole-fact gather of sharded table `store_sales` in strict mode (OXIDANT_DISTRIBUTED_STRICT=1): it would centralize the entire fact on one shuffle partition (KAN-29) and no distributed semi/anti or decorrelated shape matched this query"
>
Q61   try1 29.7768s rows=1 checksum=1593d986acba…
Q61   HOT  29.7768s
Q62   try1 21.2481s rows=100 checksum=a60f2e751fef…
Q62   HOT  21.2481s
Q63   try1 16.4820s rows=100 checksum=2af8d59766e2…
Q63   HOT  16.4820s
Q64   try1 55.5993s rows=28 checksum=5953e16ea72f…
Q64   HOT  55.5993s
Q65   try1 20.1695s rows=100 checksum=9626f17278e7…
Q65   HOT  20.1695s
Q66   try1 26.9496s rows=10 checksum=fc2dc0b98b51…
Q66   HOT  26.9496s
Q67   FAIL try1 (14.1675s): SparkConnectGrpcException: <_MultiThreadedRendezvous of RPC that terminated with:
	status = StatusCode.UNIMPLEMENTED
	details = "unsupported: auto-distribute: refusing whole-fact gather of sharded table `store_sales` in strict mode (OXIDANT_DISTRIBUTED_STRICT=1): it would centralize the entire fact on one shuffle partition (KAN-29) and no distributed semi/anti or decorrelated shape matched this query"
	debug_error_string = "UNIMPLEMENTED:unsupported: auto-distribute: refusing whole-fact gather of sharded table `store_sales` in strict mode (OXIDANT_DISTRIBUTED_STRICT=1): it would centralize the entire fact on one shuffle partition (KAN-29) and no distributed semi/anti or decorrelated shape matched this query"
>
Q68   try1 26.2468s rows=100 checksum=2d47b8c4daed…
Q68   HOT  26.2468s
Q69   FAIL try1 (10.3033s): SparkConnectGrpcException: <_MultiThreadedRendezvous of RPC that terminated with:
	status = StatusCode.UNIMPLEMENTED
	details = "unsupported: auto-distribute: subquery over `store_sales` is only safe when that table is replicated"
	debug_error_string = "UNIMPLEMENTED:unsupported: auto-distribute: subquery over `store_sales` is only safe when that table is replicated"
>
Q70   FAIL try1 (10.2461s): SparkConnectGrpcException: <_MultiThreadedRendezvous of RPC that terminated with:
	status = StatusCode.UNIMPLEMENTED
	details = "unsupported: auto-distribute: refusing whole-fact gather of sharded table `store_sales` in strict mode (OXIDANT_DISTRIBUTED_STRICT=1): it would centralize the entire fact on one shuffle partition (KAN-29) and no distributed semi/anti or decorrelated shape matched this query"
	debug_error_string = "UNIMPLEMENTED:unsupported: auto-distribute: refusing whole-fact gather of sharded table `store_sales` in strict mode (OXIDANT_DISTRIBUTED_STRICT=1): it would centralize the entire fact on one shuffle partition (KAN-29) and no distributed semi/anti or decorrelated shape matched this query"
>
Q71   try1 26.2250s rows=9655 checksum=84f8f4b98538…
Q71   HOT  26.2250s
Q72   try1 45.0224s rows=100 checksum=4d2431cc1704…
Q72   HOT  45.0224s
Q73   try1 20.8040s rows=17 checksum=58dd53e7fc2a…
Q73   HOT  20.8040s
Q74   try1 18.9632s rows=100 checksum=19f2a8d63f1b…
Q74   HOT  18.9632s
Q75   FAIL try1 (27.7076s): SparkConnectGrpcException: <_MultiThreadedRendezvous of RPC that terminated with:
	status = StatusCode.UNIMPLEMENTED
	details = "unsupported: auto-distribute: refusing whole-fact gather of sharded table `store_sales` in strict mode (OXIDANT_DISTRIBUTED_STRICT=1): it would centralize the entire fact on one shuffle partition (KAN-29) and no distributed semi/anti or decorrelated shape matched this query"
	debug_error_string = "UNIMPLEMENTED:unsupported: auto-distribute: refusing whole-fact gather of sharded table `store_sales` in strict mode (OXIDANT_DISTRIBUTED_STRICT=1): it would centralize the entire fact on one shuffle partition (KAN-29) and no distributed semi/anti or decorrelated shape matched this query"
>
Q76   FAIL try1 (17.3971s): SparkConnectGrpcException: <_MultiThreadedRendezvous of RPC that terminated with:
	status = StatusCode.UNIMPLEMENTED
	details = "unsupported: auto-distribute: refusing whole-fact gather of sharded table `store_sales` in strict mode (OXIDANT_DISTRIBUTED_STRICT=1): it would centralize the entire fact on one shuffle partition (KAN-29) and no distributed semi/anti or decorrelated shape matched this query"
	debug_error_string = "UNIMPLEMENTED:unsupported: auto-distribute: refusing whole-fact gather of sharded table `store_sales` in strict mode (OXIDANT_DISTRIBUTED_STRICT=1): it would centralize the entire fact on one shuffle partition (KAN-29) and no distributed semi/anti or decorrelated shape matched this query"
>
Q77   FAIL try1 (32.1392s): SparkConnectGrpcException: <_MultiThreadedRendezvous of RPC that terminated with:
	status = StatusCode.UNIMPLEMENTED
	details = "unsupported: auto-distribute: UNION ALL arm does not scan sharded table `store_sales` — broadcasting it would repeat that arm's rows on every worker"
	debug_error_string = "UNIMPLEMENTED:unsupported: auto-distribute: UNION ALL arm does not scan sharded table `store_sales` — broadcasting it would repeat that arm's rows on every worker"
>
Q78   try1 43.0391s rows=100 checksum=0d53ebe7e0a5…
Q78   HOT  43.0391s
Q79   try1 20.1980s rows=100 checksum=cafbfd4a254f…
Q79   HOT  20.1980s
Q80   FAIL try1 (42.0171s): SparkConnectGrpcException: <_MultiThreadedRendezvous of RPC that terminated with:
	status = StatusCode.UNIMPLEMENTED
	details = "unsupported: auto-distribute: UNION ALL arm does not scan sharded table `store_sales` — broadcasting it would repeat that arm's rows on every worker"
	debug_error_string = "UNIMPLEMENTED:unsupported: auto-distribute: UNION ALL arm does not scan sharded table `store_sales` — broadcasting it would repeat that arm's rows on every worker"
>
Q81   FAIL try1 (13.9226s): SparkConnectGrpcException: <_MultiThreadedRendezvous of RPC that terminated with:
	status = StatusCode.UNIMPLEMENTED
	details = "unsupported: auto-distribute: refusing whole-fact gather of sharded table `catalog_returns` in strict mode (OXIDANT_DISTRIBUTED_STRICT=1): it would centralize the entire fact on one shuffle partition (KAN-29) and no distributed semi/anti or decorrelated shape matched this query"
	debug_error_string = "UNIMPLEMENTED:unsupported: auto-distribute: refusing whole-fact gather of sharded table `catalog_returns` in strict mode (OXIDANT_DISTRIBUTED_STRICT=1): it would centralize the entire fact on one shuffle partition (KAN-29) and no distributed semi/anti or decorrelated shape matched this query"
>
Q82   try1 27.7809s rows=6 checksum=a159f1da855b…
Q82   HOT  27.7809s
Q83   try1 20.3822s rows=100 checksum=5ec1644a61d9…
Q83   HOT  20.3822s
Q84   try1 22.4179s rows=100 checksum=a51b4618231e…
Q84   HOT  22.4179s
Q85   try1 32.2508s rows=15 checksum=ffffd9528573…
Q85   HOT  32.2508s
Q86   FAIL try1 (10.6140s): SparkConnectGrpcException: <_MultiThreadedRendezvous of RPC that terminated with:
	status = StatusCode.UNIMPLEMENTED
	details = "unsupported: auto-distribute: refusing whole-fact gather of sharded table `web_sales` in strict mode (OXIDANT_DISTRIBUTED_STRICT=1): it would centralize the entire fact on one shuffle partition (KAN-29) and no distributed semi/anti or decorrelated shape matched this query"
	debug_error_string = "UNIMPLEMENTED:unsupported: auto-distribute: refusing whole-fact gather of sharded table `web_sales` in strict mode (OXIDANT_DISTRIBUTED_STRICT=1): it would centralize the entire fact on one shuffle partition (KAN-29) and no distributed semi/anti or decorrelated shape matched this query"
>
Q87   FAIL try1 (17.2887s): SparkConnectGrpcException: <_MultiThreadedRendezvous of RPC that terminated with:
	status = StatusCode.UNIMPLEMENTED
	details = "unsupported: auto-distribute: refusing whole-fact gather of sharded table `store_sales` in strict mode (OXIDANT_DISTRIBUTED_STRICT=1): it would centralize the entire fact on one shuffle partition (KAN-29) and no distributed semi/anti or decorrelated shape matched this query"
	debug_error_string = "UNIMPLEMENTED:unsupported: auto-distribute: refusing whole-fact gather of sharded table `store_sales` in strict mode (OXIDANT_DISTRIBUTED_STRICT=1): it would centralize the entire fact on one shuffle partition (KAN-29) and no distributed semi/anti or decorrelated shape matched this query"
>
Q88   try1 27.7934s rows=1 checksum=09ca62efccf5…
Q88   HOT  27.7934s
Q89   try1 15.6573s rows=100 checksum=9606d497ab8d…
Q89   HOT  15.6573s
Q90   try1 15.9072s rows=1 checksum=6a528717855b…
Q90   HOT  15.9072s
Q91   try1 28.7380s rows=12 checksum=5aac2759118b…
Q91   HOT  28.7380s
Q92   try1 12.3577s rows=1 checksum=69afd9862c88…
Q92   HOT  12.3577s
Q93   try1 13.9557s rows=100 checksum=1b6bcfecdcc8…
Q93   HOT  13.9557s
Q94   FAIL try1 (14.0977s): SparkConnectGrpcException: <_MultiThreadedRendezvous of RPC that terminated with:
	status = StatusCode.UNIMPLEMENTED
	details = "unsupported: auto-distribute: subquery over `web_sales` is only safe when that table is replicated"
	debug_error_string = "UNIMPLEMENTED:unsupported: auto-distribute: subquery over `web_sales` is only safe when that table is replicated"
>
Q95   FAIL try1 (14.0383s): SparkConnectGrpcException: <_MultiThreadedRendezvous of RPC that terminated with:
	status = StatusCode.UNIMPLEMENTED
	details = "unsupported: auto-distribute: subquery over `web_sales` is only safe when that table is replicated"
	debug_error_string = "UNIMPLEMENTED:unsupported: auto-distribute: subquery over `web_sales` is only safe when that table is replicated"
>
Q96   try1 15.7894s rows=1 checksum=e493b43a0946…
Q96   HOT  15.7894s
Q97   FAIL try1 (11.8877s): SparkConnectGrpcException: <_MultiThreadedRendezvous of RPC that terminated with:
	status = StatusCode.UNIMPLEMENTED
	details = "unsupported: auto-distribute: refusing whole-fact gather of sharded table `store_sales` in strict mode (OXIDANT_DISTRIBUTED_STRICT=1): it would centralize the entire fact on one shuffle partition (KAN-29) and no distributed semi/anti or decorrelated shape matched this query"
	debug_error_string = "UNIMPLEMENTED:unsupported: auto-distribute: refusing whole-fact gather of sharded table `store_sales` in strict mode (OXIDANT_DISTRIBUTED_STRICT=1): it would centralize the entire fact on one shuffle partition (KAN-29) and no distributed semi/anti or decorrelated shape matched this query"
>
Q98   try1 12.8097s rows=15076 checksum=ebfc679215bf…
Q98   HOT  12.8097s
Q99   try1 19.6085s rows=100 checksum=25681ee554e0…
Q99   HOT  19.6085s
[run] wrote bench/sf100/results/tpcds-final/tpcds-sf10.jsonl  ok=60 failed=39 skipped=0
