[run] strict mode: connect pod must have OXIDANT_DISTRIBUTED_STRICT=1 (values-sf100.yaml sets connect.distributedStrict); fallback is a hard failure
[preflight] SKIPPED (--skip-worker-preflight)
[run] endpoint=sc://18.236.223.115:50051 suite=tpcds sf=10.0 catalog=glue glue_db=tpcds_sf10 queries=99 resume_skip=0
/private/tmp/oxidant-smoke-venv/lib/python3.14/site-packages/pyspark/sql/connect/utils.py:41: FutureWarning: PySpark does not yet fully support pandas >= 3.0.0. Some features may not work correctly. It is recommended to use pandas < 3.0.0 for now.
  require_minimum_pandas_version()
/private/tmp/oxidant-smoke-venv/lib/python3.14/site-packages/pyspark/testing/utils.py:127: FutureWarning: PySpark does not yet fully support pandas >= 3.0.0. Some features may not work correctly. It is recommended to use pandas < 3.0.0 for now.
  require_minimum_pandas_version()
Q1    FAIL try1 (18.7790s): SparkConnectGrpcException: <_MultiThreadedRendezvous of RPC that terminated with:
	status = StatusCode.UNIMPLEMENTED
	details = "unsupported: auto-distribute: refusing whole-fact gather of sharded table `store_returns` in strict mode (OXIDANT_DISTRIBUTED_STRICT=1): it would centralize the entire fact on one shuffle partition (KAN-29) and no distributed semi/anti or decorrelated shape matched this query"
	debug_error_string = "UNIMPLEMENTED:unsupported: auto-distribute: refusing whole-fact gather of sharded table `store_returns` in strict mode (OXIDANT_DISTRIBUTED_STRICT=1): it would centralize the entire fact on one shuffle partition (KAN-29) and no distributed semi/anti or decorrelated shape matched this query"
>
Q2    try1 24.1859s rows=2513 checksum=103df2fec7a2…
Q2    HOT  24.1859s
Q3    try1 18.7706s rows=100 checksum=a4e9709ff0c2…
Q3    HOT  18.7706s
Q4    FAIL try1 (18.4887s): SparkConnectGrpcException: <_MultiThreadedRendezvous of RPC that terminated with:
	status = StatusCode.UNIMPLEMENTED
	details = "unsupported: auto-distribute: refusing whole-fact gather of sharded table `store_sales` in strict mode (OXIDANT_DISTRIBUTED_STRICT=1): it would centralize the entire fact on one shuffle partition (KAN-29) and no distributed semi/anti or decorrelated shape matched this query"
	debug_error_string = "UNIMPLEMENTED:unsupported: auto-distribute: refusing whole-fact gather of sharded table `store_sales` in strict mode (OXIDANT_DISTRIBUTED_STRICT=1): it would centralize the entire fact on one shuffle partition (KAN-29) and no distributed semi/anti or decorrelated shape matched this query"
>
Q5    FAIL try1 (40.8505s): SparkConnectGrpcException: <_MultiThreadedRendezvous of RPC that terminated with:
	status = StatusCode.UNIMPLEMENTED
	details = "unsupported: auto-distribute: UNION ALL arm does not scan sharded table `store_sales` — broadcasting it would repeat that arm's rows on every worker"
	debug_error_string = "UNIMPLEMENTED:unsupported: auto-distribute: UNION ALL arm does not scan sharded table `store_sales` — broadcasting it would repeat that arm's rows on every worker"
>
Q6    try1 25.4283s rows=51 checksum=357e932d3d1b…
Q6    HOT  25.4283s
Q7    try1 27.9033s rows=100 checksum=8c97e39a6020…
Q7    HOT  27.9033s
Q8    try1 22.2483s rows=9 checksum=7afd86a2f729…
Q8    HOT  22.2483s
Q9    FAIL try1 (4.9819s): SparkConnectGrpcException: <_MultiThreadedRendezvous of RPC that terminated with:
	status = StatusCode.UNIMPLEMENTED
	details = "unsupported: auto-distribute: subquery over `store_sales` is only safe when that table is replicated"
	debug_error_string = "UNIMPLEMENTED:unsupported: auto-distribute: subquery over `store_sales` is only safe when that table is replicated"
>
Q10   FAIL try1 (10.9533s): SparkConnectGrpcException: <_MultiThreadedRendezvous of RPC that terminated with:
	status = StatusCode.UNIMPLEMENTED
	details = "unsupported: auto-distribute: subquery over `store_sales` is only safe when that table is replicated"
	debug_error_string = "UNIMPLEMENTED:unsupported: auto-distribute: subquery over `store_sales` is only safe when that table is replicated"
>
Q11   FAIL try1 (600.0405s): TimeoutError: query exceeded 600s (possible server-side wedge/deadlock)
Q12   try1 41.0806s rows=100 checksum=133da748afcd…
Q12   HOT  41.0806s
Q13   try1 32.4163s rows=1 checksum=d14a6269ccf8…
Q13   HOT  32.4163s
Q14   FAIL try1 (18.3909s): SparkConnectGrpcException: <_MultiThreadedRendezvous of RPC that terminated with:
	status = StatusCode.UNIMPLEMENTED
	details = "unsupported: auto-distribute: subquery over `store_sales` is only safe when that table is replicated"
	debug_error_string = "UNIMPLEMENTED:unsupported: auto-distribute: subquery over `store_sales` is only safe when that table is replicated"
>
Q15   try1 18.2625s rows=100 checksum=b4d28d9b9777…
Q15   HOT  18.2625s
Q16   FAIL try1 (16.1424s): SparkConnectGrpcException: <_MultiThreadedRendezvous of RPC that terminated with:
	status = StatusCode.UNIMPLEMENTED
	details = "unsupported: auto-distribute: subquery over `catalog_sales` is only safe when that table is replicated"
	debug_error_string = "UNIMPLEMENTED:unsupported: auto-distribute: subquery over `catalog_sales` is only safe when that table is replicated"
>
Q17   FAIL try1 (31.7385s): AssertionError: 
Traceback (most recent call last):
  File "/Users/vamsi/orca/workspaces/oxidant/kaicoder03-Lets-get-started-on-remanining-work-of-KAN-2-from-KAN-8-and-to-the-end-to-close-the-epic-2/bench/sf100/run-spark-connect.py", line 401, in main
    rows = _collect_with_timeout(df, args.query_timeout)
  File "/Users/vamsi/orca/workspaces/oxidant/kaicoder03-Lets-get-started-on-remanining-work-of-KAN-2-from-KAN-8-and-to-the-end-to-close-the-epic-2/bench/sf100/run-spark-connect.py", line 248, in _collect_with_timeout
    return _COLLECT_EXEC.submit(df.collect).result(timeout=timeout)
           ~~~~~~~~~~~~~~~~~~~~~~~~~~~~~~~~~~~~~~~^^^^^^^^^^^^^^^^^
  File "/opt/homebrew/Cellar/python@3.14/3.14.3_1/Frameworks/Python.framework/Versions/3.14/lib/python3.14/concurrent/futures/_base.py", line 450, in result
    return self.__get_result()
           ~~~~~~~~~~~~~~~~~^^
  File "/opt/homebrew/Cellar/python@3.14/3.14.3_1/Frameworks/Python.framework/Versions/3.14/lib/python3.14/concurrent/futures/_base.py", line 395, in __get_result
    raise self._exception
  File "/opt/homebrew/Cellar/python@3.14/3.14.3_1/Frameworks/Python.framework/Versions/3.14/lib/python3.14/concurrent/futures/thread.py", line 86, in run
    result = ctx.run(self.task)
  File "/opt/homebrew/Cellar/python@3.14/3.14.3_1/Frameworks/Python.framework/Versions/3.14/lib/python3.14/concurrent/futures/thread.py", line 73, in run
    return fn(*args, **kwargs)
  File "/private/tmp/oxidant-smoke-venv/lib/python3.14/site-packages/pyspark/sql/connect/dataframe.py", line 1954, in collect
    table, schema = self._to_table()
                    ~~~~~~~~~~~~~~^^
  File "/private/tmp/oxidant-smoke-venv/lib/python3.14/site-packages/pyspark/sql/connect/dataframe.py", line 1974, in _to_table
    table, schema, self._execution_info = self._session.client.to_table(
                                          ~~~~~~~~~~~~~~~~~~~~~~~~~~~~~^
        query, self._plan.observations
        ^^^^^^^^^^^^^^^^^^^^^^^^^^^^^^
    )
    ^
  File "/private/tmp/oxidant-smoke-venv/lib/python3.14/site-packages/pyspark/sql/connect/client/core.py", line 1042, in to_table
    assert table is not None
           ^^^^^^^^^^^^^^^^^
AssertionError

Q18   try1 27.8105s rows=100 checksum=3afb37046515…
Q18   HOT  27.8105s
Q19   try1 25.3618s rows=100 checksum=c586851a599e…
Q19   HOT  25.3618s
Q20   try1 13.2357s rows=100 checksum=b92809bfe09f…
Q20   HOT  13.2357s
Q21   try1 63.2473s rows=100 checksum=d9daec5f7a73…
Q21   HOT  63.2473s
Q22   try1 16.0776s rows=100 checksum=170883a5eca8…
Q22   HOT  16.0776s
Q23   FAIL try1 (21.8686s): SparkConnectGrpcException: <_MultiThreadedRendezvous of RPC that terminated with:
	status = StatusCode.UNIMPLEMENTED
	details = "unsupported: auto-distribute: refusing whole-fact gather of sharded table `store_sales` in strict mode (OXIDANT_DISTRIBUTED_STRICT=1): it would centralize the entire fact on one shuffle partition (KAN-29) and no distributed semi/anti or decorrelated shape matched this query"
	debug_error_string = "UNIMPLEMENTED:unsupported: auto-distribute: refusing whole-fact gather of sharded table `store_sales` in strict mode (OXIDANT_DISTRIBUTED_STRICT=1): it would centralize the entire fact on one shuffle partition (KAN-29) and no distributed semi/anti or decorrelated shape matched this query"
>
Q24   FAIL try1 (21.8123s): SparkConnectGrpcException: <_MultiThreadedRendezvous of RPC that terminated with:
	status = StatusCode.UNIMPLEMENTED
	details = "unsupported: auto-distribute: refusing whole-fact gather of sharded table `store_sales` in strict mode (OXIDANT_DISTRIBUTED_STRICT=1): it would centralize the entire fact on one shuffle partition (KAN-29) and no distributed semi/anti or decorrelated shape matched this query"
	debug_error_string = "UNIMPLEMENTED:unsupported: auto-distribute: refusing whole-fact gather of sharded table `store_sales` in strict mode (OXIDANT_DISTRIBUTED_STRICT=1): it would centralize the entire fact on one shuffle partition (KAN-29) and no distributed semi/anti or decorrelated shape matched this query"
>
Q25   try1 28.9369s rows=2 checksum=34bb675d60dd…
Q25   HOT  28.9369s
Q26   try1 23.5182s rows=100 checksum=3275b6cd17c5…
Q26   HOT  23.5182s
Q27   FAIL try1 (18.3217s): SparkConnectGrpcException: <_MultiThreadedRendezvous of RPC that terminated with:
	status = StatusCode.UNIMPLEMENTED
	details = "unsupported: auto-distribute: refusing whole-fact gather of sharded table `store_sales` in strict mode (OXIDANT_DISTRIBUTED_STRICT=1): it would centralize the entire fact on one shuffle partition (KAN-29) and no distributed semi/anti or decorrelated shape matched this query"
	debug_error_string = "UNIMPLEMENTED:unsupported: auto-distribute: refusing whole-fact gather of sharded table `store_sales` in strict mode (OXIDANT_DISTRIBUTED_STRICT=1): it would centralize the entire fact on one shuffle partition (KAN-29) and no distributed semi/anti or decorrelated shape matched this query"
>
Q28   FAIL try1 (3.7573s): SparkConnectGrpcException: <_MultiThreadedRendezvous of RPC that terminated with:
	status = StatusCode.UNIMPLEMENTED
	details = "unsupported: auto-distribute: refusing whole-fact gather of sharded table `store_sales` in strict mode (OXIDANT_DISTRIBUTED_STRICT=1): it would centralize the entire fact on one shuffle partition (KAN-29) and no distributed semi/anti or decorrelated shape matched this query"
	debug_error_string = "UNIMPLEMENTED:unsupported: auto-distribute: refusing whole-fact gather of sharded table `store_sales` in strict mode (OXIDANT_DISTRIBUTED_STRICT=1): it would centralize the entire fact on one shuffle partition (KAN-29) and no distributed semi/anti or decorrelated shape matched this query"
>
Q29   try1 29.1133s rows=8 checksum=93830acf6010…
Q29   HOT  29.1133s
Q30   FAIL try1 (14.7055s): SparkConnectGrpcException: <_MultiThreadedRendezvous of RPC that terminated with:
	status = StatusCode.UNIMPLEMENTED
	details = "unsupported: auto-distribute: refusing whole-fact gather of sharded table `web_returns` in strict mode (OXIDANT_DISTRIBUTED_STRICT=1): it would centralize the entire fact on one shuffle partition (KAN-29) and no distributed semi/anti or decorrelated shape matched this query"
	debug_error_string = "UNIMPLEMENTED:unsupported: auto-distribute: refusing whole-fact gather of sharded table `web_returns` in strict mode (OXIDANT_DISTRIBUTED_STRICT=1): it would centralize the entire fact on one shuffle partition (KAN-29) and no distributed semi/anti or decorrelated shape matched this query"
>
Q31   try1 51.4107s rows=307 checksum=2267d57010af…
Q31   HOT  51.4107s
Q32   try1 13.8432s rows=1 checksum=4cd94a7b8814…
Q32   HOT  13.8432s
Q33   FAIL try1 (21.6783s): SparkConnectGrpcException: <_MultiThreadedRendezvous of RPC that terminated with:
	status = StatusCode.UNIMPLEMENTED
	details = "unsupported: auto-distribute: refusing whole-fact gather of sharded table `store_sales` in strict mode (OXIDANT_DISTRIBUTED_STRICT=1): it would centralize the entire fact on one shuffle partition (KAN-29) and no distributed semi/anti or decorrelated shape matched this query"
	debug_error_string = "UNIMPLEMENTED:unsupported: auto-distribute: refusing whole-fact gather of sharded table `store_sales` in strict mode (OXIDANT_DISTRIBUTED_STRICT=1): it would centralize the entire fact on one shuffle partition (KAN-29) and no distributed semi/anti or decorrelated shape matched this query"
>
Q34   try1 22.7428s rows=1560 checksum=8ea031658780…
Q34   HOT  22.7428s
Q35   FAIL try1 (11.0047s): SparkConnectGrpcException: <_MultiThreadedRendezvous of RPC that terminated with:
	status = StatusCode.UNIMPLEMENTED
	details = "unsupported: auto-distribute: subquery over `store_sales` is only safe when that table is replicated"
	debug_error_string = "UNIMPLEMENTED:unsupported: auto-distribute: subquery over `store_sales` is only safe when that table is replicated"
>
Q36   FAIL try1 (14.5672s): SparkConnectGrpcException: <_MultiThreadedRendezvous of RPC that terminated with:
	status = StatusCode.UNIMPLEMENTED
	details = "unsupported: auto-distribute: refusing whole-fact gather of sharded table `store_sales` in strict mode (OXIDANT_DISTRIBUTED_STRICT=1): it would centralize the entire fact on one shuffle partition (KAN-29) and no distributed semi/anti or decorrelated shape matched this query"
	debug_error_string = "UNIMPLEMENTED:unsupported: auto-distribute: refusing whole-fact gather of sharded table `store_sales` in strict mode (OXIDANT_DISTRIBUTED_STRICT=1): it would centralize the entire fact on one shuffle partition (KAN-29) and no distributed semi/anti or decorrelated shape matched this query"
>
Q37   try1 28.7069s rows=2 checksum=bf6bb0a172a3…
Q37   HOT  28.7069s
Q38   FAIL try1 (18.4232s): SparkConnectGrpcException: <_MultiThreadedRendezvous of RPC that terminated with:
	status = StatusCode.UNIMPLEMENTED
	details = "unsupported: auto-distribute: refusing whole-fact gather of sharded table `store_sales` in strict mode (OXIDANT_DISTRIBUTED_STRICT=1): it would centralize the entire fact on one shuffle partition (KAN-29) and no distributed semi/anti or decorrelated shape matched this query"
	debug_error_string = "UNIMPLEMENTED:unsupported: auto-distribute: refusing whole-fact gather of sharded table `store_sales` in strict mode (OXIDANT_DISTRIBUTED_STRICT=1): it would centralize the entire fact on one shuffle partition (KAN-29) and no distributed semi/anti or decorrelated shape matched this query"
>
Q39   FAIL try1 (14.7103s): SparkConnectGrpcException: <_MultiThreadedRendezvous of RPC that terminated with:
	status = StatusCode.UNIMPLEMENTED
	details = "unsupported: auto-distribute: refusing whole-fact gather of sharded table `inventory` in strict mode (OXIDANT_DISTRIBUTED_STRICT=1): it would centralize the entire fact on one shuffle partition (KAN-29) and no distributed semi/anti or decorrelated shape matched this query"
	debug_error_string = "UNIMPLEMENTED:unsupported: auto-distribute: refusing whole-fact gather of sharded table `inventory` in strict mode (OXIDANT_DISTRIBUTED_STRICT=1): it would centralize the entire fact on one shuffle partition (KAN-29) and no distributed semi/anti or decorrelated shape matched this query"
>
Q40   try1 21.9471s rows=100 checksum=fd9a674a8149…
Q40   HOT  21.9471s
Q41   FAIL try1 (3.8514s): SparkConnectGrpcException: <_MultiThreadedRendezvous of RPC that terminated with:
	status = StatusCode.UNIMPLEMENTED
	details = "unsupported: auto-distribute: refusing whole-fact gather of sharded table `item` in strict mode (OXIDANT_DISTRIBUTED_STRICT=1): it would centralize the entire fact on one shuffle partition (KAN-29) and no distributed semi/anti or decorrelated shape matched this query"
	debug_error_string = "UNIMPLEMENTED:unsupported: auto-distribute: refusing whole-fact gather of sharded table `item` in strict mode (OXIDANT_DISTRIBUTED_STRICT=1): it would centralize the entire fact on one shuffle partition (KAN-29) and no distributed semi/anti or decorrelated shape matched this query"
>
Q42   try1 13.7593s rows=11 checksum=f4b9061304f6…
Q42   HOT  13.7593s
Q43   try1 13.1041s rows=18 checksum=88de50b29c32…
Q43   HOT  13.1041s
Q44   FAIL try1 (7.6363s): SparkConnectGrpcException: <_MultiThreadedRendezvous of RPC that terminated with:
	status = StatusCode.UNIMPLEMENTED
	details = "unsupported: auto-distribute: refusing whole-fact gather of sharded table `store_sales` in strict mode (OXIDANT_DISTRIBUTED_STRICT=1): it would centralize the entire fact on one shuffle partition (KAN-29) and no distributed semi/anti or decorrelated shape matched this query"
	debug_error_string = "UNIMPLEMENTED:unsupported: auto-distribute: refusing whole-fact gather of sharded table `store_sales` in strict mode (OXIDANT_DISTRIBUTED_STRICT=1): it would centralize the entire fact on one shuffle partition (KAN-29) and no distributed semi/anti or decorrelated shape matched this query"
>
Q45   try1 20.1063s rows=49 checksum=f2475e4e5770…
Q45   HOT  20.1063s
Q46   try1 28.4550s rows=100 checksum=bf326bf81a84…
Q46   HOT  28.4550s
Q47   FAIL try1 (14.4271s): SparkConnectGrpcException: <_MultiThreadedRendezvous of RPC that terminated with:
	status = StatusCode.UNIMPLEMENTED
	details = "unsupported: auto-distribute: refusing whole-fact gather of sharded table `store_sales` in strict mode (OXIDANT_DISTRIBUTED_STRICT=1): it would centralize the entire fact on one shuffle partition (KAN-29) and no distributed semi/anti or decorrelated shape matched this query"
	debug_error_string = "UNIMPLEMENTED:unsupported: auto-distribute: refusing whole-fact gather of sharded table `store_sales` in strict mode (OXIDANT_DISTRIBUTED_STRICT=1): it would centralize the entire fact on one shuffle partition (KAN-29) and no distributed semi/anti or decorrelated shape matched this query"
>
Q48   try1 23.9698s rows=1 checksum=5d8941b53929…
Q48   HOT  23.9698s
Q49   FAIL try1 (25.7646s): SparkConnectGrpcException: <_MultiThreadedRendezvous of RPC that terminated with:
	status = StatusCode.UNIMPLEMENTED
	details = "unsupported: auto-distribute: refusing whole-fact gather of sharded table `store_sales` in strict mode (OXIDANT_DISTRIBUTED_STRICT=1): it would centralize the entire fact on one shuffle partition (KAN-29) and no distributed semi/anti or decorrelated shape matched this query"
	debug_error_string = "UNIMPLEMENTED:unsupported: auto-distribute: refusing whole-fact gather of sharded table `store_sales` in strict mode (OXIDANT_DISTRIBUTED_STRICT=1): it would centralize the entire fact on one shuffle partition (KAN-29) and no distributed semi/anti or decorrelated shape matched this query"
>
Q50   try1 17.8528s rows=51 checksum=0840a4471ca2…
Q50   HOT  17.8528s
Q51   FAIL try1 (11.1190s): SparkConnectGrpcException: <_MultiThreadedRendezvous of RPC that terminated with:
	status = StatusCode.UNIMPLEMENTED
	details = "unsupported: auto-distribute: refusing whole-fact gather of sharded table `store_sales` in strict mode (OXIDANT_DISTRIBUTED_STRICT=1): it would centralize the entire fact on one shuffle partition (KAN-29) and no distributed semi/anti or decorrelated shape matched this query"
	debug_error_string = "UNIMPLEMENTED:unsupported: auto-distribute: refusing whole-fact gather of sharded table `store_sales` in strict mode (OXIDANT_DISTRIBUTED_STRICT=1): it would centralize the entire fact on one shuffle partition (KAN-29) and no distributed semi/anti or decorrelated shape matched this query"
>
Q52   try1 13.4513s rows=100 checksum=71faf67bee8c…
Q52   HOT  13.4513s
Q53   try1 16.8893s rows=100 checksum=b5117893d749…
Q53   HOT  16.8893s
Q54   try1 34.6044s rows=2 checksum=958b7b050b97…
Q54   HOT  34.6044s
Q55   try1 12.8009s rows=100 checksum=a71e9a584f76…
Q55   HOT  12.8009s
Q56   FAIL try1 (21.7704s): SparkConnectGrpcException: <_MultiThreadedRendezvous of RPC that terminated with:
	status = StatusCode.UNIMPLEMENTED
	details = "unsupported: auto-distribute: refusing whole-fact gather of sharded table `store_sales` in strict mode (OXIDANT_DISTRIBUTED_STRICT=1): it would centralize the entire fact on one shuffle partition (KAN-29) and no distributed semi/anti or decorrelated shape matched this query"
	debug_error_string = "UNIMPLEMENTED:unsupported: auto-distribute: refusing whole-fact gather of sharded table `store_sales` in strict mode (OXIDANT_DISTRIBUTED_STRICT=1): it would centralize the entire fact on one shuffle partition (KAN-29) and no distributed semi/anti or decorrelated shape matched this query"
>
Q57   FAIL try1 (14.4803s): SparkConnectGrpcException: <_MultiThreadedRendezvous of RPC that terminated with:
	status = StatusCode.UNIMPLEMENTED
	details = "unsupported: auto-distribute: refusing whole-fact gather of sharded table `catalog_sales` in strict mode (OXIDANT_DISTRIBUTED_STRICT=1): it would centralize the entire fact on one shuffle partition (KAN-29) and no distributed semi/anti or decorrelated shape matched this query"
	debug_error_string = "UNIMPLEMENTED:unsupported: auto-distribute: refusing whole-fact gather of sharded table `catalog_sales` in strict mode (OXIDANT_DISTRIBUTED_STRICT=1): it would centralize the entire fact on one shuffle partition (KAN-29) and no distributed semi/anti or decorrelated shape matched this query"
>
Q58   FAIL try1 (600.0379s): TimeoutError: query exceeded 600s (possible server-side wedge/deadlock)
Q59   try1 19.5391s rows=100 checksum=3c890a72d48f…
Q59   HOT  19.5391s
Q60   FAIL try1 (22.2530s): SparkConnectGrpcException: <_MultiThreadedRendezvous of RPC that terminated with:
	status = StatusCode.UNIMPLEMENTED
	details = "unsupported: auto-distribute: refusing whole-fact gather of sharded table `store_sales` in strict mode (OXIDANT_DISTRIBUTED_STRICT=1): it would centralize the entire fact on one shuffle partition (KAN-29) and no distributed semi/anti or decorrelated shape matched this query"
	debug_error_string = "UNIMPLEMENTED:unsupported: auto-distribute: refusing whole-fact gather of sharded table `store_sales` in strict mode (OXIDANT_DISTRIBUTED_STRICT=1): it would centralize the entire fact on one shuffle partition (KAN-29) and no distributed semi/anti or decorrelated shape matched this query"
>
Q61   try1 32.3651s rows=1 checksum=1593d986acba…
Q61   HOT  32.3651s
Q62   try1 23.3718s rows=100 checksum=a60f2e751fef…
Q62   HOT  23.3718s
Q63   try1 16.7896s rows=100 checksum=2af8d59766e2…
Q63   HOT  16.7896s
Q64   try1 83.5523s rows=28 checksum=5953e16ea72f…
Q64   HOT  83.5523s
Q65   try1 21.4469s rows=100 checksum=9626f17278e7…
Q65   HOT  21.4469s
Q66   try1 33.7682s rows=10 checksum=fc2dc0b98b51…
Q66   HOT  33.7682s
Q67   FAIL try1 (14.8768s): SparkConnectGrpcException: <_MultiThreadedRendezvous of RPC that terminated with:
	status = StatusCode.UNIMPLEMENTED
	details = "unsupported: auto-distribute: refusing whole-fact gather of sharded table `store_sales` in strict mode (OXIDANT_DISTRIBUTED_STRICT=1): it would centralize the entire fact on one shuffle partition (KAN-29) and no distributed semi/anti or decorrelated shape matched this query"
	debug_error_string = "UNIMPLEMENTED:unsupported: auto-distribute: refusing whole-fact gather of sharded table `store_sales` in strict mode (OXIDANT_DISTRIBUTED_STRICT=1): it would centralize the entire fact on one shuffle partition (KAN-29) and no distributed semi/anti or decorrelated shape matched this query"
>
Q68   try1 28.1958s rows=100 checksum=2d47b8c4daed…
Q68   HOT  28.1958s
Q69   FAIL try1 (11.0347s): SparkConnectGrpcException: <_MultiThreadedRendezvous of RPC that terminated with:
	status = StatusCode.UNIMPLEMENTED
	details = "unsupported: auto-distribute: subquery over `store_sales` is only safe when that table is replicated"
	debug_error_string = "UNIMPLEMENTED:unsupported: auto-distribute: subquery over `store_sales` is only safe when that table is replicated"
>
Q70   FAIL try1 (11.0387s): SparkConnectGrpcException: <_MultiThreadedRendezvous of RPC that terminated with:
	status = StatusCode.UNIMPLEMENTED
	details = "unsupported: auto-distribute: refusing whole-fact gather of sharded table `store_sales` in strict mode (OXIDANT_DISTRIBUTED_STRICT=1): it would centralize the entire fact on one shuffle partition (KAN-29) and no distributed semi/anti or decorrelated shape matched this query"
	debug_error_string = "UNIMPLEMENTED:unsupported: auto-distribute: refusing whole-fact gather of sharded table `store_sales` in strict mode (OXIDANT_DISTRIBUTED_STRICT=1): it would centralize the entire fact on one shuffle partition (KAN-29) and no distributed semi/anti or decorrelated shape matched this query"
>
Q71   try1 27.9990s rows=9655 checksum=84f8f4b98538…
Q71   HOT  27.9990s
Q72   FAIL try1 (600.0380s): TimeoutError: query exceeded 600s (possible server-side wedge/deadlock)
Q73   try1 23.3351s rows=17 checksum=58dd53e7fc2a…
Q73   HOT  23.3351s
Q74   try1 316.0328s rows=100 checksum=19f2a8d63f1b…
Q74   HOT  316.0328s
Q75   FAIL try1 (29.0402s): SparkConnectGrpcException: <_MultiThreadedRendezvous of RPC that terminated with:
	status = StatusCode.UNIMPLEMENTED
	details = "unsupported: auto-distribute: refusing whole-fact gather of sharded table `store_sales` in strict mode (OXIDANT_DISTRIBUTED_STRICT=1): it would centralize the entire fact on one shuffle partition (KAN-29) and no distributed semi/anti or decorrelated shape matched this query"
	debug_error_string = "UNIMPLEMENTED:unsupported: auto-distribute: refusing whole-fact gather of sharded table `store_sales` in strict mode (OXIDANT_DISTRIBUTED_STRICT=1): it would centralize the entire fact on one shuffle partition (KAN-29) and no distributed semi/anti or decorrelated shape matched this query"
>
Q76   FAIL try1 (18.5342s): SparkConnectGrpcException: <_MultiThreadedRendezvous of RPC that terminated with:
	status = StatusCode.UNIMPLEMENTED
	details = "unsupported: auto-distribute: refusing whole-fact gather of sharded table `store_sales` in strict mode (OXIDANT_DISTRIBUTED_STRICT=1): it would centralize the entire fact on one shuffle partition (KAN-29) and no distributed semi/anti or decorrelated shape matched this query"
	debug_error_string = "UNIMPLEMENTED:unsupported: auto-distribute: refusing whole-fact gather of sharded table `store_sales` in strict mode (OXIDANT_DISTRIBUTED_STRICT=1): it would centralize the entire fact on one shuffle partition (KAN-29) and no distributed semi/anti or decorrelated shape matched this query"
>
Q77   FAIL try1 (33.8900s): SparkConnectGrpcException: <_MultiThreadedRendezvous of RPC that terminated with:
	status = StatusCode.UNIMPLEMENTED
	details = "unsupported: auto-distribute: UNION ALL arm does not scan sharded table `store_sales` — broadcasting it would repeat that arm's rows on every worker"
	debug_error_string = "UNIMPLEMENTED:unsupported: auto-distribute: UNION ALL arm does not scan sharded table `store_sales` — broadcasting it would repeat that arm's rows on every worker"
>
Q78   FAIL try1 (600.0375s): TimeoutError: query exceeded 600s (possible server-side wedge/deadlock)
Q79   try1 247.3893s rows=100 checksum=cafbfd4a254f…
Q79   HOT  247.3893s
Q80   FAIL try1 (44.6046s): SparkConnectGrpcException: <_MultiThreadedRendezvous of RPC that terminated with:
	status = StatusCode.UNIMPLEMENTED
	details = "unsupported: auto-distribute: UNION ALL arm does not scan sharded table `store_sales` — broadcasting it would repeat that arm's rows on every worker"
	debug_error_string = "UNIMPLEMENTED:unsupported: auto-distribute: UNION ALL arm does not scan sharded table `store_sales` — broadcasting it would repeat that arm's rows on every worker"
>
Q81   FAIL try1 (14.7428s): SparkConnectGrpcException: <_MultiThreadedRendezvous of RPC that terminated with:
	status = StatusCode.UNIMPLEMENTED
	details = "unsupported: auto-distribute: refusing whole-fact gather of sharded table `catalog_returns` in strict mode (OXIDANT_DISTRIBUTED_STRICT=1): it would centralize the entire fact on one shuffle partition (KAN-29) and no distributed semi/anti or decorrelated shape matched this query"
	debug_error_string = "UNIMPLEMENTED:unsupported: auto-distribute: refusing whole-fact gather of sharded table `catalog_returns` in strict mode (OXIDANT_DISTRIBUTED_STRICT=1): it would centralize the entire fact on one shuffle partition (KAN-29) and no distributed semi/anti or decorrelated shape matched this query"
>
Q82   try1 296.3814s rows=6 checksum=a159f1da855b…
Q82   HOT  296.3814s
Q83   try1 226.8082s rows=100 checksum=5ec1644a61d9…
Q83   HOT  226.8082s
Q84   try1 24.4690s rows=100 checksum=a51b4618231e…
Q84   HOT  24.4690s
Q85   try1 70.4472s rows=15 checksum=ffffd9528573…
Q85   HOT  70.4472s
Q86   FAIL try1 (10.9948s): SparkConnectGrpcException: <_MultiThreadedRendezvous of RPC that terminated with:
	status = StatusCode.UNIMPLEMENTED
	details = "unsupported: auto-distribute: refusing whole-fact gather of sharded table `web_sales` in strict mode (OXIDANT_DISTRIBUTED_STRICT=1): it would centralize the entire fact on one shuffle partition (KAN-29) and no distributed semi/anti or decorrelated shape matched this query"
	debug_error_string = "UNIMPLEMENTED:unsupported: auto-distribute: refusing whole-fact gather of sharded table `web_sales` in strict mode (OXIDANT_DISTRIBUTED_STRICT=1): it would centralize the entire fact on one shuffle partition (KAN-29) and no distributed semi/anti or decorrelated shape matched this query"
>
Q87   FAIL try1 (18.2527s): SparkConnectGrpcException: <_MultiThreadedRendezvous of RPC that terminated with:
	status = StatusCode.UNIMPLEMENTED
	details = "unsupported: auto-distribute: refusing whole-fact gather of sharded table `store_sales` in strict mode (OXIDANT_DISTRIBUTED_STRICT=1): it would centralize the entire fact on one shuffle partition (KAN-29) and no distributed semi/anti or decorrelated shape matched this query"
	debug_error_string = "UNIMPLEMENTED:unsupported: auto-distribute: refusing whole-fact gather of sharded table `store_sales` in strict mode (OXIDANT_DISTRIBUTED_STRICT=1): it would centralize the entire fact on one shuffle partition (KAN-29) and no distributed semi/anti or decorrelated shape matched this query"
>
Q88   try1 41.4292s rows=1 checksum=09ca62efccf5…
Q88   HOT  41.4292s
Q89   try1 19.1175s rows=100 checksum=9606d497ab8d…
Q89   HOT  19.1175s
Q90   try1 16.8890s rows=1 checksum=6a528717855b…
Q90   HOT  16.8890s
Q91   try1 68.2794s rows=12 checksum=5aac2759118b…
Q91   HOT  68.2794s
Q92   try1 13.9422s rows=1 checksum=69afd9862c88…
Q92   HOT  13.9422s
Q93   FAIL try1 (600.0371s): TimeoutError: query exceeded 600s (possible server-side wedge/deadlock)
Q94   FAIL try1 (14.9356s): SparkConnectGrpcException: <_MultiThreadedRendezvous of RPC that terminated with:
	status = StatusCode.UNIMPLEMENTED
	details = "unsupported: auto-distribute: subquery over `web_sales` is only safe when that table is replicated"
	debug_error_string = "UNIMPLEMENTED:unsupported: auto-distribute: subquery over `web_sales` is only safe when that table is replicated"
>
Q95   FAIL try1 (14.3799s): SparkConnectGrpcException: <_MultiThreadedRendezvous of RPC that terminated with:
	status = StatusCode.UNIMPLEMENTED
	details = "unsupported: auto-distribute: subquery over `web_sales` is only safe when that table is replicated"
	debug_error_string = "UNIMPLEMENTED:unsupported: auto-distribute: subquery over `web_sales` is only safe when that table is replicated"
>
Q96   try1 19.6931s rows=1 checksum=e493b43a0946…
Q96   HOT  19.6931s
Q97   FAIL try1 (10.9212s): SparkConnectGrpcException: <_MultiThreadedRendezvous of RPC that terminated with:
	status = StatusCode.UNIMPLEMENTED
	details = "unsupported: auto-distribute: refusing whole-fact gather of sharded table `store_sales` in strict mode (OXIDANT_DISTRIBUTED_STRICT=1): it would centralize the entire fact on one shuffle partition (KAN-29) and no distributed semi/anti or decorrelated shape matched this query"
	debug_error_string = "UNIMPLEMENTED:unsupported: auto-distribute: refusing whole-fact gather of sharded table `store_sales` in strict mode (OXIDANT_DISTRIBUTED_STRICT=1): it would centralize the entire fact on one shuffle partition (KAN-29) and no distributed semi/anti or decorrelated shape matched this query"
>
Q98   try1 131.8547s rows=15076 checksum=ebfc679215bf…
Q98   HOT  131.8547s
Q99   try1 121.6968s rows=100 checksum=25681ee554e0…
Q99   HOT  121.6968s
[run] wrote bench/sf100/results/remeasure-sf10-final/tpcds-sf10.jsonl  ok=55 failed=44 skipped=0
