[run] strict mode: connect pod must have OXIDANT_DISTRIBUTED_STRICT=1 (values-sf100.yaml sets connect.distributedStrict); fallback is a hard failure
[preflight] SKIPPED (--skip-worker-preflight)
[run] endpoint=sc://18.236.223.115:50051 suite=tpch sf=10.0 catalog=glue glue_db=tpch_sf10 queries=22 resume_skip=0
/private/tmp/oxidant-smoke-venv/lib/python3.14/site-packages/pyspark/sql/connect/utils.py:41: FutureWarning: PySpark does not yet fully support pandas >= 3.0.0. Some features may not work correctly. It is recommended to use pandas < 3.0.0 for now.
  require_minimum_pandas_version()
/private/tmp/oxidant-smoke-venv/lib/python3.14/site-packages/pyspark/testing/utils.py:127: FutureWarning: PySpark does not yet fully support pandas >= 3.0.0. Some features may not work correctly. It is recommended to use pandas < 3.0.0 for now.
  require_minimum_pandas_version()
Q1    try1 11.2036s rows=4 checksum=357a47c5b9c9…
Q1    HOT  11.2036s
Q2    try1 44.1795s rows=100 checksum=7a2aead2f50d…
Q2    HOT  44.1795s
Q3    try1 24.7390s rows=10 checksum=e1c4137dfd63…
Q3    HOT  24.7390s
Q4    try1 11.4739s rows=5 checksum=e43e429e8fb7…
Q4    HOT  11.4739s
Q5    try1 44.7502s rows=5 checksum=1c6554793138…
Q5    HOT  44.7502s
Q6    try1 11.3622s rows=1 checksum=32dc45a34be8…
Q6    HOT  11.3622s
Q7    try1 37.5812s rows=4 checksum=742d66a1b062…
Q7    HOT  37.5812s
Q8    try1 53.0170s rows=2 checksum=d9de9be5b081…
Q8    HOT  53.0170s
Q9    try1 49.9731s rows=175 checksum=36bb5eb0c65c…
Q9    HOT  49.9731s
Q10   try1 39.9317s rows=20 checksum=32af82f94217…
Q10   HOT  39.9317s
Q11   try1 23.7940s rows=8685 checksum=450dcb76810f…
Q11   HOT  23.7940s
Q12   try1 20.5267s rows=2 checksum=5ff1c3a69b0c…
Q12   HOT  20.5267s
Q13   try1 13.0003s rows=45 checksum=63dc8c4fbc14…
Q13   HOT  13.0003s
Q14   try1 17.5066s rows=1 checksum=656e325c1521…
Q14   HOT  17.5066s
Q15   try1 18.5341s rows=1 checksum=0df7e5dadf34…
Q15   HOT  18.5341s
Q16   try1 17.9143s rows=27840 checksum=9cf43f5f593a…
Q16   HOT  17.9143s
Q17   try1 18.5084s rows=1 checksum=272dd9f1ce1a…
Q17   HOT  18.5084s
Q18   try1 33.3345s rows=100 checksum=cf7a0fba0bab…
Q18   HOT  33.3345s
Q19   try1 22.7656s rows=1 checksum=afc51ffba3fa…
Q19   HOT  22.7656s
Q20   try1 19.9995s rows=1804 checksum=5db87a3713ba…
Q20   HOT  19.9995s
Q21   try1 44.7102s rows=100 checksum=00734bd2e5fa…
Q21   HOT  44.7102s
Q22   try1 58.7715s rows=7 checksum=0589d7825e8a…
Q22   HOT  58.7715s
[run] wrote bench/sf100/results/remeasure-sf10-final/tpch-sf10.jsonl  ok=22 failed=0 skipped=0
